Component: ARM Compiler 5.05 update 1 (build 106) Tool: armlink [4d0efa]

==============================================================================

Section Cross References

    stm32f1xx_hal_gpio.o(i.HAL_GPIO_EXTI_IRQHandler) refers to stm32f1xx_hal_gpio.o(i.HAL_GPIO_EXTI_Callback) for HAL_GPIO_EXTI_Callback
    stm32f1xx_hal_cortex.o(i.HAL_NVIC_SetPriority) refers to stm32f1xx_hal_cortex.o(i.NVIC_SetPriority) for NVIC_SetPriority
    stm32f1xx_hal_cortex.o(i.HAL_SYSTICK_Config) refers to stm32f1xx_hal_cortex.o(i.NVIC_SetPriority) for NVIC_SetPriority
    stm32f1xx_hal_cortex.o(i.HAL_SYSTICK_IRQHandler) refers to stm32f1xx_hal_cortex.o(i.HAL_SYSTICK_Callback) for HAL_SYSTICK_Callback
    stm32f1xx_hal_tim.o(i.HAL_TIM_Base_DeInit) refers to stm32f1xx_hal_msp.o(i.HAL_TIM_Base_MspDeInit) for HAL_TIM_Base_MspDeInit
    stm32f1xx_hal_tim.o(i.HAL_TIM_Base_Init) refers to stm32f1xx_hal_msp.o(i.HAL_TIM_Base_MspInit) for HAL_TIM_Base_MspInit
    stm32f1xx_hal_tim.o(i.HAL_TIM_Base_Init) refers to stm32f1xx_hal_tim.o(i.TIM_Base_SetConfig) for TIM_Base_SetConfig
    stm32f1xx_hal_tim.o(i.HAL_TIM_Base_Start_DMA) refers to stm32f1xx_hal_dma.o(i.HAL_DMA_Start_IT) for HAL_DMA_Start_IT
    stm32f1xx_hal_tim.o(i.HAL_TIM_Base_Start_DMA) refers to stm32f1xx_hal_tim.o(i.TIM_DMAPeriodElapsedCplt) for TIM_DMAPeriodElapsedCplt
    stm32f1xx_hal_tim.o(i.HAL_TIM_Base_Start_DMA) refers to stm32f1xx_hal_tim.o(i.TIM_DMAError) for TIM_DMAError
    stm32f1xx_hal_tim.o(i.HAL_TIM_ConfigClockSource) refers to stm32f1xx_hal_tim.o(i.TIM_ETR_SetConfig) for TIM_ETR_SetConfig
    stm32f1xx_hal_tim.o(i.HAL_TIM_ConfigClockSource) refers to stm32f1xx_hal_tim.o(i.TIM_TI1_ConfigInputStage) for TIM_TI1_ConfigInputStage
    stm32f1xx_hal_tim.o(i.HAL_TIM_ConfigClockSource) refers to stm32f1xx_hal_tim.o(i.TIM_TI2_ConfigInputStage) for TIM_TI2_ConfigInputStage
    stm32f1xx_hal_tim.o(i.HAL_TIM_ConfigClockSource) refers to stm32f1xx_hal_tim.o(i.TIM_ITRx_SetConfig) for TIM_ITRx_SetConfig
    stm32f1xx_hal_tim.o(i.HAL_TIM_ConfigOCrefClear) refers to stm32f1xx_hal_tim.o(i.TIM_ETR_SetConfig) for TIM_ETR_SetConfig
    stm32f1xx_hal_tim.o(i.HAL_TIM_DMABurst_ReadStart) refers to stm32f1xx_hal_dma.o(i.HAL_DMA_Start_IT) for HAL_DMA_Start_IT
    stm32f1xx_hal_tim.o(i.HAL_TIM_DMABurst_ReadStart) refers to stm32f1xx_hal_tim.o(i.TIM_DMAError) for TIM_DMAError
    stm32f1xx_hal_tim.o(i.HAL_TIM_DMABurst_ReadStart) refers to stm32f1xx_hal_tim.o(i.TIM_DMACaptureCplt) for TIM_DMACaptureCplt
    stm32f1xx_hal_tim.o(i.HAL_TIM_DMABurst_ReadStart) refers to stm32f1xx_hal_tim.o(i.TIM_DMAPeriodElapsedCplt) for TIM_DMAPeriodElapsedCplt
    stm32f1xx_hal_tim.o(i.HAL_TIM_DMABurst_ReadStart) refers to stm32f1xx_hal_tim_ex.o(i.TIMEx_DMACommutationCplt) for TIMEx_DMACommutationCplt
    stm32f1xx_hal_tim.o(i.HAL_TIM_DMABurst_ReadStart) refers to stm32f1xx_hal_tim.o(i.TIM_DMATriggerCplt) for TIM_DMATriggerCplt
    stm32f1xx_hal_tim.o(i.HAL_TIM_DMABurst_ReadStop) refers to stm32f1xx_hal_dma.o(i.HAL_DMA_Abort) for HAL_DMA_Abort
    stm32f1xx_hal_tim.o(i.HAL_TIM_DMABurst_WriteStart) refers to stm32f1xx_hal_dma.o(i.HAL_DMA_Start_IT) for HAL_DMA_Start_IT
    stm32f1xx_hal_tim.o(i.HAL_TIM_DMABurst_WriteStart) refers to stm32f1xx_hal_tim.o(i.TIM_DMAError) for TIM_DMAError
    stm32f1xx_hal_tim.o(i.HAL_TIM_DMABurst_WriteStart) refers to stm32f1xx_hal_tim.o(i.TIM_DMADelayPulseCplt) for TIM_DMADelayPulseCplt
    stm32f1xx_hal_tim.o(i.HAL_TIM_DMABurst_WriteStart) refers to stm32f1xx_hal_tim.o(i.TIM_DMAPeriodElapsedCplt) for TIM_DMAPeriodElapsedCplt
    stm32f1xx_hal_tim.o(i.HAL_TIM_DMABurst_WriteStart) refers to stm32f1xx_hal_tim_ex.o(i.TIMEx_DMACommutationCplt) for TIMEx_DMACommutationCplt
    stm32f1xx_hal_tim.o(i.HAL_TIM_DMABurst_WriteStart) refers to stm32f1xx_hal_tim.o(i.TIM_DMATriggerCplt) for TIM_DMATriggerCplt
    stm32f1xx_hal_tim.o(i.HAL_TIM_DMABurst_WriteStop) refers to stm32f1xx_hal_dma.o(i.HAL_DMA_Abort) for HAL_DMA_Abort
    stm32f1xx_hal_tim.o(i.HAL_TIM_Encoder_DeInit) refers to stm32f1xx_hal_tim.o(i.HAL_TIM_Encoder_MspDeInit) for HAL_TIM_Encoder_MspDeInit
    stm32f1xx_hal_tim.o(i.HAL_TIM_Encoder_Init) refers to stm32f1xx_hal_tim.o(i.HAL_TIM_Encoder_MspInit) for HAL_TIM_Encoder_MspInit
    stm32f1xx_hal_tim.o(i.HAL_TIM_Encoder_Init) refers to stm32f1xx_hal_tim.o(i.TIM_Base_SetConfig) for TIM_Base_SetConfig
    stm32f1xx_hal_tim.o(i.HAL_TIM_Encoder_Start) refers to stm32f1xx_hal_tim.o(i.TIM_CCxChannelCmd) for TIM_CCxChannelCmd
    stm32f1xx_hal_tim.o(i.HAL_TIM_Encoder_Start_DMA) refers to stm32f1xx_hal_dma.o(i.HAL_DMA_Start_IT) for HAL_DMA_Start_IT
    stm32f1xx_hal_tim.o(i.HAL_TIM_Encoder_Start_DMA) refers to stm32f1xx_hal_tim.o(i.TIM_CCxChannelCmd) for TIM_CCxChannelCmd
    stm32f1xx_hal_tim.o(i.HAL_TIM_Encoder_Start_DMA) refers to stm32f1xx_hal_tim.o(i.TIM_DMACaptureCplt) for TIM_DMACaptureCplt
    stm32f1xx_hal_tim.o(i.HAL_TIM_Encoder_Start_DMA) refers to stm32f1xx_hal_tim.o(i.TIM_DMAError) for TIM_DMAError
[...]
    Removing stm32f1xx_hal.o(i.HAL_DeInit), (32 bytes).
    Removing stm32f1xx_hal.o(i.HAL_GetDEVID), (16 bytes).
    Removing stm32f1xx_hal.o(i.HAL_GetHalVersion), (8 bytes).
    Removing stm32f1xx_hal.o(i.HAL_GetREVID), (12 bytes).
    Removing stm32f1xx_hal.o(i.HAL_GetUID), (28 bytes).
    Removing stm32f1xx_hal.o(i.HAL_MspDeInit), (2 bytes).
    Removing stm32f1xx_hal.o(i.HAL_MspInit), (2 bytes).
    Removing stm32f1xx_hal.o(i.HAL_ResumeTick), (14 bytes).
    Removing stm32f1xx_hal.o(i.HAL_SuspendTick), (14 bytes).
    Removing stm32f1xx_hal_flash_ex.o(.rev16_text), (4 bytes).
    Removing stm32f1xx_hal_flash_ex.o(.revsh_text), (4 bytes).
    Removing stm32f1xx_hal_flash_ex.o(.rrx_text), (6 bytes).
    Removing stm32f1xx_hal_flash_ex.o(i.FLASH_MassErase), (36 bytes).
    Removing stm32f1xx_hal_flash_ex.o(i.FLASH_OB_DisableWRP), (176 bytes).
    Removing stm32f1xx_hal_flash_ex.o(i.FLASH_OB_EnableWRP), (176 bytes).
    Removing stm32f1xx_hal_flash_ex.o(i.FLASH_OB_GetRDP), (24 bytes).
    Removing stm32f1xx_hal_flash_ex.o(i.FLASH_OB_RDP_LevelConfig), (100 bytes).
    Removing stm32f1xx_hal_flash_ex.o(i.FLASH_PageErase), (36 bytes).
    Removing stm32f1xx_hal_flash_ex.o(i.HAL_FLASHEx_Erase), (168 bytes).
    Removing stm32f1xx_hal_flash_ex.o(i.HAL_FLASHEx_Erase_IT), (84 bytes).
    Removing stm32f1xx_hal_flash_ex.o(i.HAL_FLASHEx_OBErase), (84 bytes).
    Removing stm32f1xx_hal_flash_ex.o(i.HAL_FLASHEx_OBGetConfig), (36 bytes).
    Removing stm32f1xx_hal_flash_ex.o(i.HAL_FLASHEx_OBGetUserData), (32 bytes).
    Removing stm32f1xx_hal_flash_ex.o(i.HAL_FLASHEx_OBProgram), (200 bytes).
    Removing stm32f1xx_hal_rcc.o(.rev16_text), (4 bytes).
    Removing stm32f1xx_hal_rcc.o(.revsh_text), (4 bytes).
    Removing stm32f1xx_hal_rcc.o(.rrx_text), (6 bytes).
    Removing stm32f1xx_hal_rcc.o(i.HAL_RCC_CSSCallback), (2 bytes).
    Removing stm32f1xx_hal_rcc.o(i.HAL_RCC_DeInit), (68 bytes).
    Removing stm32f1xx_hal_rcc.o(i.HAL_RCC_DisableCSS), (12 bytes).
    Removing stm32f1xx_hal_rcc.o(i.HAL_RCC_EnableCSS), (12 bytes).
    Removing stm32f1xx_hal_rcc.o(i.HAL_RCC_GetClockConfig), (64 bytes).
    Removing stm32f1xx_hal_rcc.o(i.HAL_RCC_GetOscConfig), (144 bytes).
    Removing stm32f1xx_hal_rcc.o(i.HAL_RCC_GetPCLK1Freq), (32 bytes).
    Removing stm32f1xx_hal_rcc.o(i.HAL_RCC_GetPCLK2Freq), (32 bytes).
    Removing stm32f1xx_hal_rcc.o(i.HAL_RCC_MCOConfig), (72 bytes).
    Removing stm32f1xx_hal_rcc.o(i.HAL_RCC_NMI_IRQHandler), (24 bytes).
    Removing stm32f1xx_hal_pwr.o(.rev16_text), (4 bytes).
    Removing stm32f1xx_hal_pwr.o(.revsh_text), (4 bytes).
    Removing stm32f1xx_hal_pwr.o(.rrx_text), (6 bytes).
    Removing stm32f1xx_hal_pwr.o(i.HAL_PWR_ConfigPVD), (124 bytes).
    Removing stm32f1xx_hal_pwr.o(i.HAL_PWR_DeInit), (24 bytes).
    Removing stm32f1xx_hal_pwr.o(i.HAL_PWR_DisableBkUpAccess), (12 bytes).
    Removing stm32f1xx_hal_pwr.o(i.HAL_PWR_DisablePVD), (12 bytes).
    Removing stm32f1xx_hal_pwr.o(i.HAL_PWR_DisableSEVOnPend), (16 bytes).
    Removing stm32f1xx_hal_pwr.o(i.HAL_PWR_DisableSleepOnExit), (16 bytes).
    Removing stm32f1xx_hal_pwr.o(i.HAL_PWR_DisableWakeUpPin), (28 bytes).
    Removing stm32f1xx_hal_pwr.o(i.HAL_PWR_EnableBkUpAccess), (12 bytes).
    Removing stm32f1xx_hal_pwr.o(i.HAL_PWR_EnablePVD), (12 bytes).
    Removing stm32f1xx_hal_pwr.o(i.HAL_PWR_EnableSEVOnPend), (16 bytes).
    Removing stm32f1xx_hal_pwr.o(i.HAL_PWR_EnableSleepOnExit), (16 bytes).
    Removing stm32f1xx_hal_pwr.o(i.HAL_PWR_EnableWakeUpPin), (28 bytes).
    Removing stm32f1xx_hal_pwr.o(i.HAL_PWR_EnterSLEEPMode), (32 bytes).
    Removing stm32f1xx_hal_pwr.o(i.HAL_PWR_EnterSTANDBYMode), (32 bytes).
    Removing stm32f1xx_hal_pwr.o(i.HAL_PWR_EnterSTOPMode), (68 bytes).
    Removing stm32f1xx_hal_pwr.o(i.HAL_PWR_PVDCallback), (2 bytes).
    Removing stm32f1xx_hal_pwr.o(i.HAL_PWR_PVD_IRQHandler), (28 bytes).
    Removing stm32f1xx_hal_pwr.o(i.PWR_OverloadWfe), (6 bytes).
    Removing stm32f1xx_hal_dma.o(.rev16_text), (4 bytes).
    Removing stm32f1xx_hal_dma.o(.revsh_text), (4 bytes).
    Removing stm32f1xx_hal_dma.o(.rrx_text), (6 bytes).
    Removing stm32f1xx_hal_dma.o(i.DMA_SetConfig), (42 bytes).
    Removing stm32f1xx_hal_dma.o(i.HAL_DMA_Abort), (48 bytes).
    Removing stm32f1xx_hal_dma.o(i.HAL_DMA_Abort_IT), (152 bytes).
    Removing stm32f1xx_hal_dma.o(i.HAL_DMA_DeInit), (84 bytes).
    Removing stm32f1xx_hal_dma.o(i.HAL_DMA_GetError), (4 bytes).
    Removing stm32f1xx_hal_dma.o(i.HAL_DMA_GetState), (6 bytes).
    Removing stm32f1xx_hal_dma.o(i.HAL_DMA_IRQHandler), (340 bytes).
    Removing stm32f1xx_hal_dma.o(i.HAL_DMA_Init), (100 bytes).
    Removing stm32f1xx_hal_dma.o(i.HAL_DMA_PollForTransfer), (532 bytes).
    Removing stm32f1xx_hal_dma.o(i.HAL_DMA_RegisterCallback), (74 bytes).
    Removing stm32f1xx_hal_dma.o(i.HAL_DMA_Start), (80 bytes).
    Removing stm32f1xx_hal_dma.o(i.HAL_DMA_Start_IT), (112 bytes).
    Removing stm32f1xx_hal_dma.o(i.HAL_DMA_UnRegisterCallback), (82 bytes).
    Removing stm32f1xx_hal_flash.o(.rev16_text), (4 bytes).
    Removing stm32f1xx_hal_flash.o(.revsh_text), (4 bytes).
    Removing stm32f1xx_hal_flash.o(.rrx_text), (6 bytes).
    Removing stm32f1xx_hal_flash.o(i.FLASH_Program_HalfWord), (28 bytes).
    Removing stm32f1xx_hal_flash.o(i.FLASH_SetErrorCode), (92 bytes).
    Removing stm32f1xx_hal_flash.o(i.FLASH_WaitForLastOperation), (84 bytes).
    Removing stm32f1xx_hal_flash.o(i.HAL_FLASH_EndOfOperationCallback), (2 bytes).
    Removing stm32f1xx_hal_flash.o(i.HAL_FLASH_GetError), (12 bytes).
    Removing stm32f1xx_hal_flash.o(i.HAL_FLASH_IRQHandler), (260 bytes).
    Removing stm32f1xx_hal_flash.o(i.HAL_FLASH_Lock), (20 bytes).
    Removing stm32f1xx_hal_flash.o(i.HAL_FLASH_OB_Launch), (4 bytes).
    Removing stm32f1xx_hal_flash.o(i.HAL_FLASH_OB_Lock), (20 bytes).
    Removing stm32f1xx_hal_flash.o(i.HAL_FLASH_OB_Unlock), (36 bytes).
    Removing stm32f1xx_hal_flash.o(i.HAL_FLASH_OperationErrorCallback), (2 bytes).
    Removing stm32f1xx_hal_flash.o(i.HAL_FLASH_Program), (128 bytes).
    Removing stm32f1xx_hal_flash.o(i.HAL_FLASH_Program_IT), (100 bytes).
    Removing stm32f1xx_hal_flash.o(i.HAL_FLASH_Unlock), (36 bytes).
    Removing stm32f1xx_hal_flash.o(.bss), (32 bytes).
    Removing timer.o(.rev16_text), (4 bytes).
    Removing timer.o(.revsh_text), (4 bytes).
    Removing timer.o(.rrx_text), (6 bytes).
    Removing stop_watch.o(.rev16_text), (4 bytes).
    Removing stop_watch.o(.revsh_text), (4 bytes).
    Removing stop_watch.o(.rrx_text), (6 bytes).
    Removing stop_watch.o(.data), (1 bytes).
    Removing oled.o(.rev16_text), (4 bytes).
    Removing oled.o(.revsh_text), (4 bytes).
    Removing oled.o(.rrx_text), (6 bytes).
    Removing oled.o(i.OLED_Display_Off), (30 bytes).
    Removing oled.o(i.OLED_Display_On), (30 bytes).
    Removing oled.o(i.OLED_Fill), (56 bytes).
    Removing oled.o(i.OLED_ShowNum), (94 bytes).
    Removing oled.o(i.mypow), (16 bytes).
    Removing remote.o(.rev16_text), (4 bytes).
    Removing remote.o(.revsh_text), (4 bytes).
    Removing remote.o(.rrx_text), (6 bytes).
    Removing key.o(.rev16_text), (4 bytes).
    Removing key.o(.revsh_text), (4 bytes).
    Removing key.o(.rrx_text), (6 bytes).
    Removing clock.o(.rev16_text), (4 bytes).
    Removing clock.o(.revsh_text), (4 bytes).
    Removing clock.o(.rrx_text), (6 bytes).
    Removing cutdown.o(.rev16_text), (4 bytes).
    Removing cutdown.o(.revsh_text), (4 bytes).
    Removing cutdown.o(.rrx_text), (6 bytes).
    Removing ds1302.o(.rev16_text), (4 bytes).
    Removing ds1302.o(.revsh_text), (4 bytes).
    Removing ds1302.o(.rrx_text), (6 bytes).
    Removing ds18b20.o(.rev16_text), (4 bytes).
    Removing ds18b20.o(.revsh_text), (4 bytes).
    Removing ds18b20.o(.rrx_text), (6 bytes).
    Removing nixie_tube.o(.rev16_text), (4 bytes).
    Removing nixie_tube.o(.revsh_text), (4 bytes).
    Removing nixie_tube.o(.rrx_text), (6 bytes).
    Removing delay.o(.rev16_text), (4 bytes).
    Removing delay.o(.revsh_text), (4 bytes).
    Removing delay.o(.rrx_text), (6 bytes).
    Removing text.o(.rev16_text), (4 bytes).
    Removing text.o(.revsh_text), (4 bytes).
    Removing text.o(.rrx_text), (6 bytes).
    Removing text.o(i.Show_Font), (132 bytes).
    Removing system_stm32f1xx.o(.rev16_text), (4 bytes).
    Removing system_stm32f1xx.o(.revsh_text), (4 bytes).
    Removing system_stm32f1xx.o(.rrx_text), (6 bytes).
    Removing system_stm32f1xx.o(i.SystemCoreClockUpdate), (104 bytes).
    Removing system_stm32f1xx.o(.constdata), (8 bytes).
    Removing sys.o(.rev16_text), (4 bytes).
    Removing sys.o(.revsh_text), (4 bytes).
    Removing sys.o(.rrx_text), (6 bytes).
    Removing sys.o(.emb_text), (16 bytes).
    Removing startup_stm32f103xb.o(HEAP), (512 bytes).
    Removing stm32f1xx_hal_msp.o(.rev16_text), (4 bytes).
    Removing stm32f1xx_hal_msp.o(.revsh_text), (4 bytes).
    Removing stm32f1xx_hal_msp.o(.rrx_text), (6 bytes).
    Removing stm32f1xx_hal_msp.o(i.HAL_TIM_Base_MspDeInit), (80 bytes).
    Removing stm32f1xx_it.o(.rev16_text), (4 bytes).
    Removing stm32f1xx_it.o(.revsh_text), (4 bytes).
    Removing stm32f1xx_it.o(.rrx_text), (6 bytes).
    Removing main.o(.rev16_text), (4 bytes).
    Removing main.o(.revsh_text), (4 bytes).
    Removing main.o(.rrx_text), (6 bytes).
    Removing main.o(i._Error_Handler), (2 bytes).
    Removing dadd.o(.text), (334 bytes).
    Removing ddiv.o(.text), (222 bytes).
    Removing dfixul.o(.text), (48 bytes).
    Removing cdrcmple.o(.text), (48 bytes).

323 unused section(s) (total 16827 bytes) removed from the image.

==============================================================================

Image Symbol Table

    Local Symbols

    Symbol Name                              Value     Ov Type        Size  Object(Section)

    ../Drivers/STM32F1xx_HAL_Driver/Src/stm32f1xx_hal.c 0x00000000   Number         0  stm32f1xx_hal.o ABSOLUTE
    ../Drivers/STM32F1xx_HAL_Driver/Src/stm32f1xx_hal_cortex.c 0x00000000   Number         0  stm32f1xx_hal_cortex.o ABSOLUTE
    ../Drivers/STM32F1xx_HAL_Driver/Src/stm32f1xx_hal_dma.c 0x00000000   Number         0  stm32f1xx_hal_dma.o ABSOLUTE
    ../Drivers/STM32F1xx_HAL_Driver/Src/stm32f1xx_hal_flash.c 0x00000000   Number         0  stm32f1xx_hal_flash.o ABSOLUTE
    ../Drivers/STM32F1xx_HAL_Driver/Src/stm32f1xx_hal_flash_ex.c 0x00000000   Number         0  stm32f1xx_hal_flash_ex.o ABSOLUTE
    ../Drivers/STM32F1xx_HAL_Driver/Src/stm32f1xx_hal_gpio.c 0x00000000   Number         0  stm32f1xx_hal_gpio.o ABSOLUTE
    ../Drivers/STM32F1xx_HAL_Driver/Src/stm32f1xx_hal_gpio_ex.c 0x00000000   Number         0  stm32f1xx_hal_gpio_ex.o ABSOLUTE
    ../Drivers/STM32F1xx_HAL_Driver/Src/stm32f1xx_hal_pwr.c 0x00000000   Number         0  stm32f1xx_hal_pwr.o ABSOLUTE
    ../Drivers/STM32F1xx_HAL_Driver/Src/stm32f1xx_hal_rcc.c 0x00000000   Number         0  stm32f1xx_hal_rcc.o ABSOLUTE
    ../Drivers/STM32F1xx_HAL_Driver/Src/stm32f1xx_hal_rcc_ex.c 0x00000000   Number         0  stm32f1xx_hal_rcc_ex.o ABSOLUTE
    ../Drivers/STM32F1xx_HAL_Driver/Src/stm32f1xx_hal_tim.c 0x00000000   Number         0  stm32f1xx_hal_tim.o ABSOLUTE
    ../Drivers/STM32F1xx_HAL_Driver/Src/stm32f1xx_hal_tim_ex.c 0x00000000   Number         0  stm32f1xx_hal_tim_ex.o ABSOLUTE
    ../Src/main.c                            0x00000000   Number         0  main.o ABSOLUTE
    ../Src/stm32f1xx_hal_msp.c               0x00000000   Number         0  stm32f1xx_hal_msp.o ABSOLUTE
    ../Src/stm32f1xx_it.c                    0x00000000   Number         0  stm32f1xx_it.o ABSOLUTE
    ../Src/system_stm32f1xx.c                0x00000000   Number         0  system_stm32f1xx.o ABSOLUTE
    ../clib/microlib/division.c              0x00000000   Number         0  uidiv.o ABSOLUTE
    ../clib/microlib/division.c              0x00000000   Number         0  uldiv.o ABSOLUTE
    ../clib/microlib/init/entry.s            0x00000000   Number         0  entry9a.o ABSOLUTE
    ../clib/microlib/init/entry.s            0x00000000   Number         0  entry8b.o ABSOLUTE
    ../clib/microlib/init/entry.s            0x00000000   Number         0  entry8a.o ABSOLUTE
    ../clib/microlib/init/entry.s            0x00000000   Number         0  entry11b.o ABSOLUTE
    ../clib/microlib/init/entry.s            0x00000000   Number         0  entry7b.o ABSOLUTE
    ../clib/microlib/init/entry.s            0x00000000   Number         0  entry5.o ABSOLUTE
    ../clib/microlib/init/entry.s            0x00000000   Number         0  entry10b.o ABSOLUTE
    ../clib/microlib/init/entry.s            0x00000000   Number         0  entry.o ABSOLUTE
    ../clib/microlib/init/entry.s            0x00000000   Number         0  entry2.o ABSOLUTE
    ../clib/microlib/init/entry.s            0x00000000   Number         0  entry7a.o ABSOLUTE
    ../clib/microlib/init/entry.s            0x00000000   Number         0  entry11a.o ABSOLUTE
    ../clib/microlib/init/entry.s            0x00000000   Number         0  entry10a.o ABSOLUTE
    ../clib/microlib/init/entry.s            0x00000000   Number         0  entry9b.o ABSOLUTE
    ../clib/microlib/longlong.c              0x00000000   Number         0  llsshr.o ABSOLUTE
    ../clib/microlib/longlong.c              0x00000000   Number         0  llushr.o ABSOLUTE
    ../clib/microlib/longlong.c              0x00000000   Number         0  llshl.o ABSOLUTE
    ../clib/microlib/printf/printf.c         0x00000000   Number         0  printf5.o ABSOLUTE
    ../clib/microlib/printf/printf.c         0x00000000   Number         0  printf4.o ABSOLUTE
    ../clib/microlib/printf/printf.c         0x00000000   Number         0  printf3.o ABSOLUTE
    ../clib/microlib/printf/printf.c         0x00000000   Number         0  printf7.o ABSOLUTE
    ../clib/microlib/printf/printf.c         0x00000000   Number         0  printf0.o ABSOLUTE
    ../clib/microlib/printf/printf.c         0x00000000   Number         0  printfb.o ABSOLUTE
    ../clib/microlib/printf/printf.c         0x00000000   Number         0  printf8.o ABSOLUTE
    ../clib/microlib/printf/printf.c         0x00000000   Number         0  printf1.o ABSOLUTE
    ../clib/microlib/printf/printf.c         0x00000000   Number         0  printf2.o ABSOLUTE
    ../clib/microlib/printf/printf.c         0x00000000   Number         0  printfa.o ABSOLUTE
    ../clib/microlib/printf/printf.c         0x00000000   Number         0  printf6.o ABSOLUTE
    ../clib/microlib/printf/stubs.s          0x00000000   Number         0  stubs.o ABSOLUTE
    ../clib/microlib/stdio/fputc.c           0x00000000   Number         0  fputc.o ABSOLUTE
    ../clib/microlib/stdio/semi.s            0x00000000   Number         0  semi.o ABSOLUTE
    ../clib/microlib/stdio/streams.c         0x00000000   Number         0  stdout.o ABSOLUTE
    ../clib/microlib/string/memset.c         0x00000000   Number         0  memseta.o ABSOLUTE
    ../clib/microlib/stubs.s                 0x00000000   Number         0  iusefp.o ABSOLUTE
    ../clib/microlib/stubs.s                 0x00000000   Number         0  iusesemip.o ABSOLUTE
    ../fplib/microlib/fpadd.c                0x00000000   Number         0  dadd.o ABSOLUTE
    ../fplib/microlib/fpdiv.c                0x00000000   Number         0  ddiv.o ABSOLUTE
    ../fplib/microlib/fpepilogue.c           0x00000000   Number         0  depilogue.o ABSOLUTE
    ../fplib/microlib/fpfix.c                0x00000000   Number         0  dfixi.o ABSOLUTE
    ../fplib/microlib/fpfix.c                0x00000000   Number         0  dfixul.o ABSOLUTE
    ../fplib/microlib/fpflt.c                0x00000000   Number         0  dflti.o ABSOLUTE
    ../fplib/microlib/fpmul.c                0x00000000   Number         0  dmul.o ABSOLUTE
    ..\Drivers\STM32F1xx_HAL_Driver\Src\stm32f1xx_hal.c 0x00000000   Number         0  stm32f1xx_hal.o ABSOLUTE
    ..\Drivers\STM32F1xx_HAL_Driver\Src\stm32f1xx_hal_cortex.c 0x00000000   Number         0  stm32f1xx_hal_cortex.o ABSOLUTE
    ..\Drivers\STM32F1xx_HAL_Driver\Src\stm32f1xx_hal_dma.c 0x00000000   Number         0  stm32f1xx_hal_dma.o ABSOLUTE
    ..\Drivers\STM32F1xx_HAL_Driver\Src\stm32f1xx_hal_flash.c 0x00000000   Number         0  stm32f1xx_hal_flash.o ABSOLUTE
    ..\Drivers\STM32F1xx_HAL_Driver\Src\stm32f1xx_hal_flash_ex.c 0x00000000   Number         0  stm32f1xx_hal_flash_ex.o ABSOLUTE
    ..\Drivers\STM32F1xx_HAL_Driver\Src\stm32f1xx_hal_gpio.c 0x00000000   Number         0  stm32f1xx_hal_gpio.o ABSOLUTE
    ..\Drivers\STM32F1xx_HAL_Driver\Src\stm32f1xx_hal_gpio_ex.c 0x00000000   Number         0  stm32f1xx_hal_gpio_ex.o ABSOLUTE
    ..\Drivers\STM32F1xx_HAL_Driver\Src\stm32f1xx_hal_pwr.c 0x00000000   Number         0  stm32f1xx_hal_pwr.o ABSOLUTE
    ..\Drivers\STM32F1xx_HAL_Driver\Src\stm32f1xx_hal_rcc.c 0x00000000   Number         0  stm32f1xx_hal_rcc.o ABSOLUTE
    ..\Drivers\STM32F1xx_HAL_Driver\Src\stm32f1xx_hal_rcc_ex.c 0x00000000   Number         0  stm32f1xx_hal_rcc_ex.o ABSOLUTE
    ..\Drivers\STM32F1xx_HAL_Driver\Src\stm32f1xx_hal_tim.c 0x00000000   Number         0  stm32f1xx_hal_tim.o ABSOLUTE
    ..\Drivers\STM32F1xx_HAL_Driver\Src\stm32f1xx_hal_tim_ex.c 0x00000000   Number         0  stm32f1xx_hal_tim_ex.o ABSOLUTE
    ..\Drivers\sys\sys.c                     0x00000000   Number         0  sys.o ABSOLUTE
    ..\HARDWARE\CLOCK\clock.c                0x00000000   Number         0  clock.o ABSOLUTE
    ..\HARDWARE\CUTDOWN\cutdown.c            0x00000000   Number         0  cutdown.o ABSOLUTE
    ..\HARDWARE\DELAY_US\delay.c             0x00000000   Number         0  delay.o ABSOLUTE
    ..\HARDWARE\DS1302\ds1302.c              0x00000000   Number         0  ds1302.o ABSOLUTE
    ..\HARDWARE\DS18B20\ds18b20.c            0x00000000   Number         0  ds18b20.o ABSOLUTE
    ..\HARDWARE\KEY\key.c                    0x00000000   Number         0  key.o ABSOLUTE
    ..\HARDWARE\NIXIE_TUBE\Nixie_tube.c      0x00000000   Number         0  nixie_tube.o ABSOLUTE
    ..\HARDWARE\OLED\oled.c                  0x00000000   Number         0  oled.o ABSOLUTE
    ..\HARDWARE\REMOTE\remote.c              0x00000000   Number         0  remote.o ABSOLUTE
    ..\HARDWARE\STOP_WATCH\stop_watch.c      0x00000000   Number         0  stop_watch.o ABSOLUTE
    ..\HARDWARE\TIMER\timer.c                0x00000000   Number         0  timer.o ABSOLUTE
    ..\Src\main.c                            0x00000000   Number         0  main.o ABSOLUTE
    ..\Src\stm32f1xx_hal_msp.c               0x00000000   Number         0  stm32f1xx_hal_msp.o ABSOLUTE
    ..\Src\stm32f1xx_it.c                    0x00000000   Number         0  stm32f1xx_it.o ABSOLUTE
    ..\Src\system_stm32f1xx.c                0x00000000   Number         0  system_stm32f1xx.o ABSOLUTE
    ..\TEXT\text.c                           0x00000000   Number         0  text.o ABSOLUTE
    ..\\Drivers\\sys\\sys.c                  0x00000000   Number         0  sys.o ABSOLUTE
    ..\\HARDWARE\\CLOCK\\clock.c             0x00000000   Number         0  clock.o ABSOLUTE
    ..\\HARDWARE\\CUTDOWN\\cutdown.c         0x00000000   Number         0  cutdown.o ABSOLUTE
    ..\\HARDWARE\\DELAY_US\\delay.c          0x00000000   Number         0  delay.o ABSOLUTE
    ..\\HARDWARE\\DS1302\\ds1302.c           0x00000000   Number         0  ds1302.o ABSOLUTE
    ..\\HARDWARE\\DS18B20\\ds18b20.c         0x00000000   Number         0  ds18b20.o ABSOLUTE
    ..\\HARDWARE\\KEY\\key.c                 0x00000000   Number         0  key.o ABSOLUTE
    ..\\HARDWARE\\NIXIE_TUBE\\Nixie_tube.c   0x00000000   Number         0  nixie_tube.o ABSOLUTE
    ..\\HARDWARE\\OLED\\oled.c               0x00000000   Number         0  oled.o ABSOLUTE
    ..\\HARDWARE\\REMOTE\\remote.c           0x00000000   Number         0  remote.o ABSOLUTE
    ..\\HARDWARE\\STOP_WATCH\\stop_watch.c   0x00000000   Number         0  stop_watch.o ABSOLUTE
    ..\\HARDWARE\\TIMER\\timer.c             0x00000000   Number         0  timer.o ABSOLUTE
    ..\\TEXT\\text.c                         0x00000000   Number         0  text.o ABSOLUTE
    cdrcmple.s                               0x00000000   Number         0  cdrcmple.o ABSOLUTE
    dc.s                                     0x00000000   Number         0  dc.o ABSOLUTE
    handlers.s                               0x00000000   Number         0  handlers.o ABSOLUTE
    init.s                                   0x00000000   Number         0  init.o ABSOLUTE
    startup_stm32f103xb.s                    0x00000000   Number         0  startup_stm32f103xb.o ABSOLUTE
    RESET                                    0x08000000   Section      236  startup_stm32f103xb.o(RESET)
    .ARM.Collect$$$$00000000                 0x080000ec   Section        0  entry.o(.ARM.Collect$$$$00000000)
    .ARM.Collect$$$$00000001                 0x080000ec   Section        4  entry2.o(.ARM.Collect$$$$00000001)
    .ARM.Collect$$$$00000004                 0x080000f0   Section        4  entry5.o(.ARM.Collect$$$$00000004)
    .ARM.Collect$$$$00000008                 0x080000f4   Section        0  entry7b.o(.ARM.Collect$$$$00000008)
    .ARM.Collect$$$$0000000A                 0x080000f4   Section        0  entry8b.o(.ARM.Collect$$$$0000000A)
    .ARM.Collect$$$$0000000B                 0x080000f4   Section        8  entry9a.o(.ARM.Collect$$$$0000000B)
    .ARM.Collect$$$$0000000D                 0x080000fc   Section        0  entry10a.o(.ARM.Collect$$$$0000000D)
    .ARM.Collect$$$$0000000F                 0x080000fc   Section        0  entry11a.o(.ARM.Collect$$$$0000000F)
    .ARM.Collect$$$$00002712                 0x080000fc   Section        4  entry2.o(.ARM.Collect$$$$00002712)
    __lit__00000000                          0x080000fc   Data           4  entry2.o(.ARM.Collect$$$$00002712)
    .text                                    0x08000100   Section       36  startup_stm32f103xb.o(.text)
    .text                                    0x08000124   Section        0  llushr.o(.text)
    .text                                    0x08000144   Section        0  memseta.o(.text)
    .text                                    0x08000168   Section        0  dmul.o(.text)
    .text                                    0x0800024c   Section        0  dflti.o(.text)
    .text                                    0x0800026e   Section        0  dfixi.o(.text)
    .text                                    0x080002ac   Section        0  uidiv.o(.text)
    .text                                    0x080002d8   Section        0  depilogue.o(.text)
    .text                                    0x080002d8   Section        0  iusefp.o(.text)
    .text                                    0x08000394   Section       36  init.o(.text)
    .text                                    0x080003b8   Section        0  llshl.o(.text)
    i.BusFault_Handler                       0x080003d6   Section        0  stm32f1xx_it.o(i.BusFault_Handler)
    i.DS1302_Init                            0x080003d8   Section        0  ds1302.o(i.DS1302_Init)
    i.DS1302_alarm_set                       0x08000448   Section        0  ds1302.o(i.DS1302_alarm_set)
    i.DS1302_alarm_set_display               0x08000514   Section        0  ds1302.o(i.DS1302_alarm_set_display)
    i.DS18B20_Check                          0x080005dc   Section        0  ds18b20.o(i.DS18B20_Check)
    i.DS18B20_Get_Temp                       0x08000640   Section        0  ds18b20.o(i.DS18B20_Get_Temp)
    i.DS18B20_Init                           0x0800069c   Section        0  ds18b20.o(i.DS18B20_Init)
    i.DS18B20_Read_Bit                       0x080006ac   Section        0  ds18b20.o(i.DS18B20_Read_Bit)
    i.DS18B20_Read_Byte                      0x0800070c   Section        0  ds18b20.o(i.DS18B20_Read_Byte)
    i.DS18B20_Rst                            0x0800072c   Section        0  ds18b20.o(i.DS18B20_Rst)
    i.DS18B20_Start                          0x0800076c   Section        0  ds18b20.o(i.DS18B20_Start)
    i.DS18B20_Write_Byte                     0x08000788   Section        0  ds18b20.o(i.DS18B20_Write_Byte)
    i.DebugMon_Handler                       0x080007e8   Section        0  stm32f1xx_it.o(i.DebugMon_Handler)
    i.GPIO_write4                            0x080007ea   Section        0  nixie_tube.o(i.GPIO_write4)
    i.GPIO_write7                            0x080007fc   Section        0  nixie_tube.o(i.GPIO_write7)
    i.Get_Time                               0x0800080c   Section        0  ds1302.o(i.Get_Time)
    i.HAL_Delay                              0x08000910   Section        0  stm32f1xx_hal.o(i.HAL_Delay)
    i.HAL_GPIO_Init                          0x0800092c   Section        0  stm32f1xx_hal_gpio.o(i.HAL_GPIO_Init)
    i.HAL_GPIO_TogglePin                     0x08000ae8   Section        0  stm32f1xx_hal_gpio.o(i.HAL_GPIO_TogglePin)
    i.HAL_GPIO_WritePin                      0x08000af0   Section        0  stm32f1xx_hal_gpio.o(i.HAL_GPIO_WritePin)
    i.HAL_GetTick                            0x08000afc   Section        0  stm32f1xx_hal.o(i.HAL_GetTick)
    i.HAL_IncTick                            0x08000b08   Section        0  stm32f1xx_hal.o(i.HAL_IncTick)
    i.HAL_Init                               0x08000b18   Section        0  stm32f1xx_hal.o(i.HAL_Init)
    i.HAL_InitTick                           0x08000b3c   Section        0  stm32f1xx_hal.o(i.HAL_InitTick)
    i.HAL_MspInit                            0x08000b64   Section        0  stm32f1xx_hal_msp.o(i.HAL_MspInit)
    i.HAL_NVIC_EnableIRQ                     0x08000be8   Section        0  stm32f1xx_hal_cortex.o(i.HAL_NVIC_EnableIRQ)
    i.HAL_NVIC_SetPriority                   0x08000c00   Section        0  stm32f1xx_hal_cortex.o(i.HAL_NVIC_SetPriority)
    i.HAL_NVIC_SetPriorityGrouping           0x08000c40   Section        0  stm32f1xx_hal_cortex.o(i.HAL_NVIC_SetPriorityGrouping)
    i.HAL_NVIC_SystemReset                   0x08000c64   Section        0  stm32f1xx_hal_cortex.o(i.HAL_NVIC_SystemReset)
    i.HAL_RCC_ClockConfig                    0x08000c88   Section        0  stm32f1xx_hal_rcc.o(i.HAL_RCC_ClockConfig)
    i.HAL_RCC_GetHCLKFreq                    0x08000ddc   Section        0  stm32f1xx_hal_rcc.o(i.HAL_RCC_GetHCLKFreq)
    i.HAL_RCC_GetSysClockFreq                0x08000de8   Section        0  stm32f1xx_hal_rcc.o(i.HAL_RCC_GetSysClockFreq)
    i.HAL_RCC_OscConfig                      0x08000e54   Section        0  stm32f1xx_hal_rcc.o(i.HAL_RCC_OscConfig)
    i.HAL_SYSTICK_CLKSourceConfig            0x08001158   Section        0  stm32f1xx_hal_cortex.o(i.HAL_SYSTICK_CLKSourceConfig)
    i.HAL_SYSTICK_Callback                   0x08001170   Section        0  stm32f1xx_hal_cortex.o(i.HAL_SYSTICK_Callback)
    i.HAL_SYSTICK_Config                     0x08001172   Section        0  stm32f1xx_hal_cortex.o(i.HAL_SYSTICK_Config)
    i.HAL_SYSTICK_IRQHandler                 0x0800119a   Section        0  stm32f1xx_hal_cortex.o(i.HAL_SYSTICK_IRQHandler)
    i.HAL_TIMEx_BreakCallback                0x080011a2   Section        0  stm32f1xx_hal_tim_ex.o(i.HAL_TIMEx_BreakCallback)
    i.HAL_TIMEx_CommutationCallback          0x080011a4   Section        0  stm32f1xx_hal_tim_ex.o(i.HAL_TIMEx_CommutationCallback)
    i.HAL_TIMEx_MasterConfigSynchronization  0x080011a6   Section        0  stm32f1xx_hal_tim_ex.o(i.HAL_TIMEx_MasterConfigSynchronization)
    i.HAL_TIM_Base_Init                      0x080011f6   Section        0  stm32f1xx_hal_tim.o(i.HAL_TIM_Base_Init)
    i.HAL_TIM_Base_MspInit                   0x0800122c   Section        0  stm32f1xx_hal_msp.o(i.HAL_TIM_Base_MspInit)
    i.HAL_TIM_Base_Start_IT                  0x080012b8   Section        0  stm32f1xx_hal_tim.o(i.HAL_TIM_Base_Start_IT)
    i.HAL_TIM_ConfigClockSource              0x080012d0   Section        0  stm32f1xx_hal_tim.o(i.HAL_TIM_ConfigClockSource)
    i.HAL_TIM_IC_CaptureCallback             0x080013c4   Section        0  timer.o(i.HAL_TIM_IC_CaptureCallback)
    i.HAL_TIM_IC_ConfigChannel               0x080013d4   Section        0  stm32f1xx_hal_tim.o(i.HAL_TIM_IC_ConfigChannel)
    i.HAL_TIM_IC_Init                        0x080014ee   Section        0  stm32f1xx_hal_tim.o(i.HAL_TIM_IC_Init)
    i.HAL_TIM_IC_MspInit                     0x08001524   Section        0  stm32f1xx_hal_tim.o(i.HAL_TIM_IC_MspInit)
    i.HAL_TIM_IC_Start_IT                    0x08001526   Section        0  stm32f1xx_hal_tim.o(i.HAL_TIM_IC_Start_IT)
    i.HAL_TIM_IRQHandler                     0x08001572   Section        0  stm32f1xx_hal_tim.o(i.HAL_TIM_IRQHandler)
    i.HAL_TIM_OC_DelayElapsedCallback        0x080016d8   Section        0  stm32f1xx_hal_tim.o(i.HAL_TIM_OC_DelayElapsedCallback)
    i.HAL_TIM_PWM_PulseFinishedCallback      0x080016da   Section        0  stm32f1xx_hal_tim.o(i.HAL_TIM_PWM_PulseFinishedCallback)
    i.HAL_TIM_PeriodElapsedCallback          0x080016dc   Section        0  timer.o(i.HAL_TIM_PeriodElapsedCallback)
    i.HAL_TIM_TriggerCallback                0x0800176c   Section        0  stm32f1xx_hal_tim.o(i.HAL_TIM_TriggerCallback)
    i.HardFault_Handler                      0x0800176e   Section        0  stm32f1xx_it.o(i.HardFault_Handler)
    i.KEY_Scan_stase                         0x08001770   Section        0  key.o(i.KEY_Scan_stase)
    i.MX_GPIO_Init                           0x08001880   Section        0  main.o(i.MX_GPIO_Init)
    MX_GPIO_Init                             0x08001881   Thumb Code   164  main.o(i.MX_GPIO_Init)
    i.MX_TIM1_Init                           0x08001930   Section        0  main.o(i.MX_TIM1_Init)
    MX_TIM1_Init                             0x08001931   Thumb Code   114  main.o(i.MX_TIM1_Init)
    i.MX_TIM3_Init                           0x080019ac   Section        0  main.o(i.MX_TIM3_Init)
    MX_TIM3_Init                             0x080019ad   Thumb Code    76  main.o(i.MX_TIM3_Init)
    i.MemManage_Handler                      0x08001a00   Section        0  stm32f1xx_it.o(i.MemManage_Handler)
    i.NMI_Handler                            0x08001a02   Section        0  stm32f1xx_it.o(i.NMI_Handler)
    i.NVIC_SetPriority                       0x08001a04   Section        0  stm32f1xx_hal_cortex.o(i.NVIC_SetPriority)
    NVIC_SetPriority                         0x08001a05   Thumb Code    32  stm32f1xx_hal_cortex.o(i.NVIC_SetPriority)
    i.Nixie_tube_delay                       0x08001a24   Section        0  nixie_tube.o(i.Nixie_tube_delay)
    i.Nixie_tube_display                     0x08001a58   Section        0  nixie_tube.o(i.Nixie_tube_display)
    i.OLED_Clear                             0x08001b1c   Section        0  oled.o(i.OLED_Clear)
    i.OLED_DrawPoint                         0x08001b48   Section        0  oled.o(i.OLED_DrawPoint)
    i.OLED_Init                              0x08001b84   Section        0  oled.o(i.OLED_Init)
    i.OLED_Refresh_Gram                      0x08001c80   Section        0  oled.o(i.OLED_Refresh_Gram)
    i.OLED_ShowChar                          0x08001ccc   Section        0  oled.o(i.OLED_ShowChar)
    i.OLED_ShowString                        0x08001d7c   Section        0  oled.o(i.OLED_ShowString)
    i.OLED_Show_Font                         0x08001dd4   Section        0  text.o(i.OLED_Show_Font)
    i.OLED_WR_Byte                           0x08001e3c   Section        0  oled.o(i.OLED_WR_Byte)
    i.PendSV_Handler                         0x08001e80   Section        0  stm32f1xx_it.o(i.PendSV_Handler)
    i.Remote_Scan                            0x08001e84   Section        0  remote.o(i.Remote_Scan)
    i.SVC_Handler                            0x08001ed0   Section        0  stm32f1xx_it.o(i.SVC_Handler)
    i.SysTick_Handler                        0x08001ed2   Section        0  stm32f1xx_it.o(i.SysTick_Handler)
    i.SystemClock_Config                     0x08001ee0   Section        0  main.o(i.SystemClock_Config)
    i.SystemInit                             0x08001f48   Section        0  system_stm32f1xx.o(i.SystemInit)
    i.TIM1_CC_IRQHandler                     0x08001f90   Section        0  stm32f1xx_it.o(i.TIM1_CC_IRQHandler)
    i.TIM1_UP_IRQHandler                     0x08001f9c   Section        0  stm32f1xx_it.o(i.TIM1_UP_IRQHandler)
    i.TIM3_IRQHandler                        0x08001fa8   Section        0  stm32f1xx_it.o(i.TIM3_IRQHandler)
    i.TIM_Base_SetConfig                     0x08001fb4   Section        0  stm32f1xx_hal_tim.o(i.TIM_Base_SetConfig)
    i.TIM_CCxChannelCmd                      0x08002020   Section        0  stm32f1xx_hal_tim.o(i.TIM_CCxChannelCmd)
    i.TIM_ETR_SetConfig                      0x08002036   Section        0  stm32f1xx_hal_tim.o(i.TIM_ETR_SetConfig)
    TIM_ETR_SetConfig                        0x08002037   Thumb Code    20  stm32f1xx_hal_tim.o(i.TIM_ETR_SetConfig)
    i.TIM_ITRx_SetConfig                     0x0800204a   Section        0  stm32f1xx_hal_tim.o(i.TIM_ITRx_SetConfig)
    TIM_ITRx_SetConfig                       0x0800204b   Thumb Code    16  stm32f1xx_hal_tim.o(i.TIM_ITRx_SetConfig)
    i.TIM_TI1_ConfigInputStage               0x0800205a   Section        0  stm32f1xx_hal_tim.o(i.TIM_TI1_ConfigInputStage)
    TIM_TI1_ConfigInputStage                 0x0800205b   Thumb Code    34  stm32f1xx_hal_tim.o(i.TIM_TI1_ConfigInputStage)
    i.TIM_TI1_SetConfig                      0x0800207c   Section        0  stm32f1xx_hal_tim.o(i.TIM_TI1_SetConfig)
    i.TIM_TI2_ConfigInputStage               0x080020d4   Section        0  stm32f1xx_hal_tim.o(i.TIM_TI2_ConfigInputStage)
    TIM_TI2_ConfigInputStage                 0x080020d5   Thumb Code    36  stm32f1xx_hal_tim.o(i.TIM_TI2_ConfigInputStage)
    i.TIM_TI2_SetConfig                      0x080020f8   Section        0  stm32f1xx_hal_tim.o(i.TIM_TI2_SetConfig)
    TIM_TI2_SetConfig                        0x080020f9   Thumb Code    54  stm32f1xx_hal_tim.o(i.TIM_TI2_SetConfig)
    i.Temp_collect_flag                      0x08002130   Section        0  ds18b20.o(i.Temp_collect_flag)
    i.Time_set                               0x08002144   Section        0  ds1302.o(i.Time_set)
    i.UsageFault_Handler                     0x080022d0   Section        0  stm32f1xx_it.o(i.UsageFault_Handler)
    i.__0sprintf$6                           0x080022d4   Section        0  printf6.o(i.__0sprintf$6)
    i.__scatterload_copy                     0x080022fc   Section       14  handlers.o(i.__scatterload_copy)
    i.__scatterload_null                     0x0800230a   Section        2  handlers.o(i.__scatterload_null)
    i.__scatterload_zeroinit                 0x0800230c   Section       14  handlers.o(i.__scatterload_zeroinit)
    i._printf_core                           0x0800231c   Section        0  printf6.o(i._printf_core)
    _printf_core                             0x0800231d   Thumb Code   748  printf6.o(i._printf_core)
    i._printf_post_padding                   0x0800260c   Section        0  printf6.o(i._printf_post_padding)
    _printf_post_padding                     0x0800260d   Thumb Code    36  printf6.o(i._printf_post_padding)
    i._printf_pre_padding                    0x08002630   Section        0  printf6.o(i._printf_pre_padding)
    _printf_pre_padding                      0x08002631   Thumb Code    46  printf6.o(i._printf_pre_padding)
    i._sputc                                 0x0800265e   Section        0  printf6.o(i._sputc)
    _sputc                                   0x0800265f   Thumb Code    10  printf6.o(i._sputc)
    i.alarm_ring                             0x08002668   Section        0  ds1302.o(i.alarm_ring)
    i.clock                                  0x080026c0   Section        0  clock.o(i.clock)
    i.cutdown                                0x080027d4   Section        0  cutdown.o(i.cutdown)
    i.cutdown_running                        0x0800293c   Section        0  cutdown.o(i.cutdown_running)
    i.cutdown_set_display                    0x080029b8   Section        0  cutdown.o(i.cutdown_set_display)
    i.delay_us                               0x08002b30   Section        0  delay.o(i.delay_us)
    i.ds1302_Nixie_tube_display              0x08002b50   Section        0  clock.o(i.ds1302_Nixie_tube_display)
    i.ds1302_Read                            0x08002b60   Section        0  ds1302.o(i.ds1302_Read)
    i.ds1302_Write                           0x08002c34   Section        0  ds1302.o(i.ds1302_Write)
    i.ds1302_alarm                           0x08002cd8   Section        0  ds1302.o(i.ds1302_alarm)
    i.ds1302_alarm_ring                      0x08002e2c   Section        0  ds1302.o(i.ds1302_alarm_ring)
    i.key_read                               0x08002e68   Section        0  key.o(i.key_read)
    i.main                                   0x08002e78   Section        0  main.o(i.main)
    i.remote_tim1_ic                         0x08002ec0   Section        0  remote.o(i.remote_tim1_ic)
    i.remote_tim1_update                     0x08002f68   Section        0  remote.o(i.remote_tim1_update)
    i.stop_watch                             0x08002f9c   Section        0  stop_watch.o(i.stop_watch)
    i.stop_watch_running                     0x08003114   Section        0  stop_watch.o(i.stop_watch_running)
    i.temp_meature                           0x08003154   Section        0  ds18b20.o(i.temp_meature)
    i.time_display                           0x080031e8   Section        0  ds1302.o(i.time_display)
    i.time_ds1302                            0x08003274   Section        0  ds1302.o(i.time_ds1302)
    i.time_get                               0x08003318   Section        0  ds1302.o(i.time_get)
    i.time_set_display                       0x08003344   Section        0  ds1302.o(i.time_set_display)
    i.time_write                             0x08003500   Section        0  ds1302.o(i.time_write)
    .constdata                               0x080035c8   Section     6080  oled.o(.constdata)
    .constdata                               0x08004d88   Section      480  text.o(.constdata)
    .constdata                               0x08004f68   Section       16  system_stm32f1xx.o(.constdata)
    .data                                    0x20000000   Section        4  stm32f1xx_hal.o(.data)
    .data                                    0x20000004   Section        4  timer.o(.data)
    .data                                    0x20000008   Section        9  stop_watch.o(.data)
    stop_watch_status                        0x2000000e   Data           1  stop_watch.o(.data)
    display_t1                               0x2000000f   Data           1  stop_watch.o(.data)
    display_t2                               0x20000010   Data           1  stop_watch.o(.data)
    .data                                    0x20000014   Section        8  remote.o(.data)
    .data                                    0x2000001c   Section        6  key.o(.data)
    key_s                                    0x2000001d   Data           1  key.o(.data)
    key_count                                0x2000001e   Data           1  key.o(.data)
    key_count1                               0x2000001f   Data           1  key.o(.data)
    key_count2                               0x20000020   Data           1  key.o(.data)
    keyword                                  0x20000021   Data           1  key.o(.data)
    .data                                    0x20000022   Section        5  clock.o(.data)
    key                                      0x20000022   Data           1  clock.o(.data)
    remote_key                               0x20000023   Data           1  clock.o(.data)
    s                                        0x20000024   Data           1  clock.o(.data)
    .data                                    0x20000028   Section       16  cutdown.o(.data)
    cutdown_status                           0x20000030   Data           1  cutdown.o(.data)
    cutdown_time_50ms                        0x20000034   Data           4  cutdown.o(.data)
    .data                                    0x20000038   Section       39  ds1302.o(.data)
    time_status                              0x2000004e   Data           1  ds1302.o(.data)
    ds1302_alarm_status                      0x2000004f   Data           1  ds1302.o(.data)
    count_100ms                              0x20000054   Data           4  ds1302.o(.data)
    .data                                    0x20000060   Section        4  ds18b20.o(.data)
    .data                                    0x20000064   Section        4  nixie_tube.o(.data)
    two_point_count                          0x20000066   Data           2  nixie_tube.o(.data)
    .data                                    0x20000068   Section        2  delay.o(.data)
    i                                        0x20000068   Data           2  delay.o(.data)
    .data                                    0x2000006c   Section        4  system_stm32f1xx.o(.data)
    .bss                                     0x20000070   Section     4024  stop_watch.o(.bss)
    .bss                                     0x20001028   Section     1024  oled.o(.bss)
    .bss                                     0x20001428   Section       48  cutdown.o(.bss)
    time_buff_cutdown                        0x20001428   Data          24  cutdown.o(.bss)
    time_buff_cutdown                        0x20001440   Data          24  cutdown.o(.bss)
    .bss                                     0x20001458   Section      128  main.o(.bss)
    STACK                                    0x200014d8   Section     1024  startup_stm32f103xb.o(STACK)

    Global Symbols

    Symbol Name                              Value     Ov Type        Size  Object(Section)

    BuildAttributes$$THM_ISAv4$P$D$K$B$S$PE$A:L22UL41UL21$X:L11$S22US41US21$IEEE1$IW$USESV6$~STKCKD$USESV7$~SHL$OSPACE$ROPI$EBA8$MICROLIB$REQ8$PRES8$EABIv2 0x00000000   Number         0  anon$$obj.o ABSOLUTE
    __ARM_use_no_argv                        0x00000000   Number         0  main.o ABSOLUTE
    _printf_a                                0x00000000   Number         0  stubs.o ABSOLUTE
    _printf_c                                0x00000000   Number         0  stubs.o ABSOLUTE
    _printf_charcount                        0x00000000   Number         0  stubs.o ABSOLUTE
    _printf_d                                0x00000000   Number         0  stubs.o ABSOLUTE
    _printf_e                                0x00000000   Number         0  stubs.o ABSOLUTE
    _printf_f                                0x00000000   Number         0  stubs.o ABSOLUTE
    _printf_flags                            0x00000000   Number         0  stubs.o ABSOLUTE
    _printf_fp_dec                           0x00000000   Number         0  stubs.o ABSOLUTE
    _printf_fp_hex                           0x00000000   Number         0  stubs.o ABSOLUTE
    _printf_g                                0x00000000   Number         0  stubs.o ABSOLUTE
    _printf_i                                0x00000000   Number         0  stubs.o ABSOLUTE
    _printf_int_dec                          0x00000000   Number         0  stubs.o ABSOLUTE
    _printf_l                                0x00000000   Number         0  stubs.o ABSOLUTE
    _printf_lc                               0x00000000   Number         0  stubs.o ABSOLUTE
    _printf_ll                               0x00000000   Number         0  stubs.o ABSOLUTE
    _printf_lld                              0x00000000   Number         0  stubs.o ABSOLUTE
    _printf_lli                              0x00000000   Number         0  stubs.o ABSOLUTE
    _printf_llo                              0x00000000   Number         0  stubs.o ABSOLUTE
    _printf_llu                              0x00000000   Number         0  stubs.o ABSOLUTE
    _printf_llx                              0x00000000   Number         0  stubs.o ABSOLUTE
    _printf_longlong_dec                     0x00000000   Number         0  stubs.o ABSOLUTE
    _printf_longlong_hex                     0x00000000   Number         0  stubs.o ABSOLUTE
    _printf_longlong_oct                     0x00000000   Number         0  stubs.o ABSOLUTE
    _printf_ls                               0x00000000   Number         0  stubs.o ABSOLUTE
    _printf_mbtowc                           0x00000000   Number         0  stubs.o ABSOLUTE
    _printf_n                                0x00000000   Number         0  stubs.o ABSOLUTE
    _printf_o                                0x00000000   Number         0  stubs.o ABSOLUTE
    _printf_p                                0x00000000   Number         0  stubs.o ABSOLUTE
    _printf_percent                          0x00000000   Number         0  stubs.o ABSOLUTE
    _printf_pre_padding                      0x00000000   Number         0  stubs.o ABSOLUTE
    _printf_return_value                     0x00000000   Number         0  stubs.o ABSOLUTE
    _printf_s                                0x00000000   Number         0  stubs.o ABSOLUTE
    _printf_sizespec                         0x00000000   Number         0  stubs.o ABSOLUTE
    _printf_str                              0x00000000   Number         0  stubs.o ABSOLUTE
    _printf_truncate_signed                  0x00000000   Number         0  stubs.o ABSOLUTE
    _printf_truncate_unsigned                0x00000000   Number         0  stubs.o ABSOLUTE
    _printf_u                                0x00000000   Number         0  stubs.o ABSOLUTE
    _printf_wc                               0x00000000   Number         0  stubs.o ABSOLUTE
    _printf_wctomb                           0x00000000   Number         0  stubs.o ABSOLUTE
    _printf_widthprec                        0x00000000   Number         0  stubs.o ABSOLUTE
    _printf_x                                0x00000000   Number         0  stubs.o ABSOLUTE
    __cpp_initialize__aeabi_                  - Undefined Weak Reference
    __cxa_finalize                            - Undefined Weak Reference
    __decompress                              - Undefined Weak Reference
    _clock_init                               - Undefined Weak Reference
    _microlib_exit                            - Undefined Weak Reference
    __Vectors_Size                           0x000000ec   Number         0  startup_stm32f103xb.o ABSOLUTE
    __Vectors                                0x08000000   Data           4  startup_stm32f103xb.o(RESET)
    __Vectors_End                            0x080000ec   Data           0  startup_stm32f103xb.o(RESET)
    __main                                   0x080000ed   Thumb Code     0  entry.o(.ARM.Collect$$$$00000000)
    _main_stk                                0x080000ed   Thumb Code     0  entry2.o(.ARM.Collect$$$$00000001)
    _main_scatterload                        0x080000f1   Thumb Code     0  entry5.o(.ARM.Collect$$$$00000004)
    __main_after_scatterload                 0x080000f5   Thumb Code     0  entry5.o(.ARM.Collect$$$$00000004)
    _main_clock                              0x080000f5   Thumb Code     0  entry7b.o(.ARM.Collect$$$$00000008)
    _main_cpp_init                           0x080000f5   Thumb Code     0  entry8b.o(.ARM.Collect$$$$0000000A)
    _main_init                               0x080000f5   Thumb Code     0  entry9a.o(.ARM.Collect$$$$0000000B)
    __rt_final_cpp                           0x080000fd   Thumb Code     0  entry10a.o(.ARM.Collect$$$$0000000D)
    __rt_final_exit                          0x080000fd   Thumb Code     0  entry11a.o(.ARM.Collect$$$$0000000F)
    Reset_Handler                            0x08000101   Thumb Code     8  startup_stm32f103xb.o(.text)
    ADC1_2_IRQHandler                        0x0800011b   Thumb Code     0  startup_stm32f103xb.o(.text)
    CAN1_RX1_IRQHandler                      0x0800011b   Thumb Code     0  startup_stm32f103xb.o(.text)
    CAN1_SCE_IRQHandler                      0x0800011b   Thumb Code     0  startup_stm32f103xb.o(.text)
    DMA1_Channel1_IRQHandler                 0x0800011b   Thumb Code     0  startup_stm32f103xb.o(.text)
    DMA1_Channel2_IRQHandler                 0x0800011b   Thumb Code     0  startup_stm32f103xb.o(.text)
    DMA1_Channel3_IRQHandler                 0x0800011b   Thumb Code     0  startup_stm32f103xb.o(.text)
    DMA1_Channel4_IRQHandler                 0x0800011b   Thumb Code     0  startup_stm32f103xb.o(.text)
    DMA1_Channel5_IRQHandler                 0x0800011b   Thumb Code     0  startup_stm32f103xb.o(.text)
    DMA1_Channel6_IRQHandler                 0x0800011b   Thumb Code     0  startup_stm32f103xb.o(.text)
    DMA1_Channel7_IRQHandler                 0x0800011b   Thumb Code     0  startup_stm32f103xb.o(.text)
    EXTI0_IRQHandler                         0x0800011b   Thumb Code     0  startup_stm32f103xb.o(.text)
    EXTI15_10_IRQHandler                     0x0800011b   Thumb Code     0  startup_stm32f103xb.o(.text)
    EXTI1_IRQHandler                         0x0800011b   Thumb Code     0  startup_stm32f103xb.o(.text)
    EXTI2_IRQHandler                         0x0800011b   Thumb Code     0  startup_stm32f103xb.o(.text)
    EXTI3_IRQHandler                         0x0800011b   Thumb Code     0  startup_stm32f103xb.o(.text)
    EXTI4_IRQHandler                         0x0800011b   Thumb Code     0  startup_stm32f103xb.o(.text)
    EXTI9_5_IRQHandler                       0x0800011b   Thumb Code     0  startup_stm32f103xb.o(.text)
    FLASH_IRQHandler                         0x0800011b   Thumb Code     0  startup_stm32f103xb.o(.text)
    I2C1_ER_IRQHandler                       0x0800011b   Thumb Code     0  startup_stm32f103xb.o(.text)
    I2C1_EV_IRQHandler                       0x0800011b   Thumb Code     0  startup_stm32f103xb.o(.text)
    I2C2_ER_IRQHandler                       0x0800011b   Thumb Code     0  startup_stm32f103xb.o(.text)
    I2C2_EV_IRQHandler                       0x0800011b   Thumb Code     0  startup_stm32f103xb.o(.text)
    PVD_IRQHandler                           0x0800011b   Thumb Code     0  startup_stm32f103xb.o(.text)
    RCC_IRQHandler                           0x0800011b   Thumb Code     0  startup_stm32f103xb.o(.text)
    RTC_Alarm_IRQHandler                     0x0800011b   Thumb Code     0  startup_stm32f103xb.o(.text)
    RTC_IRQHandler                           0x0800011b   Thumb Code     0  startup_stm32f103xb.o(.text)
    SPI1_IRQHandler                          0x0800011b   Thumb Code     0  startup_stm32f103xb.o(.text)
    SPI2_IRQHandler                          0x0800011b   Thumb Code     0  startup_stm32f103xb.o(.text)
    TAMPER_IRQHandler                        0x0800011b   Thumb Code     0  startup_stm32f103xb.o(.text)
    TIM1_BRK_IRQHandler                      0x0800011b   Thumb Code     0  startup_stm32f103xb.o(.text)
    TIM1_TRG_COM_IRQHandler                  0x0800011b   Thumb Code     0  startup_stm32f103xb.o(.text)
    TIM2_IRQHandler                          0x0800011b   Thumb Code     0  startup_stm32f103xb.o(.text)
    TIM4_IRQHandler                          0x0800011b   Thumb Code     0  startup_stm32f103xb.o(.text)
    USART1_IRQHandler                        0x0800011b   Thumb Code     0  startup_stm32f103xb.o(.text)
    USART2_IRQHandler                        0x0800011b   Thumb Code     0  startup_stm32f103xb.o(.text)
    USART3_IRQHandler                        0x0800011b   Thumb Code     0  startup_stm32f103xb.o(.text)
    USBWakeUp_IRQHandler                     0x0800011b   Thumb Code     0  startup_stm32f103xb.o(.text)
    USB_HP_CAN1_TX_IRQHandler                0x0800011b   Thumb Code     0  startup_stm32f103xb.o(.text)
    USB_LP_CAN1_RX0_IRQHandler               0x0800011b   Thumb Code     0  startup_stm32f103xb.o(.text)
    WWDG_IRQHandler                          0x0800011b   Thumb Code     0  startup_stm32f103xb.o(.text)
    __aeabi_llsr                             0x08000125   Thumb Code    32  llushr.o(.text)
    _ll_ushift_r                             0x08000125   Thumb Code     0  llushr.o(.text)
    __aeabi_memset                           0x08000145   Thumb Code    14  memseta.o(.text)
    __aeabi_memset4                          0x08000145   Thumb Code     0  memseta.o(.text)
    __aeabi_memset8                          0x08000145   Thumb Code     0  memseta.o(.text)
    __aeabi_memclr                           0x08000153   Thumb Code     4  memseta.o(.text)
    __aeabi_memclr4                          0x08000153   Thumb Code     0  memseta.o(.text)
    __aeabi_memclr8                          0x08000153   Thumb Code     0  memseta.o(.text)
    _memset$wrapper                          0x08000157   Thumb Code    18  memseta.o(.text)
    __aeabi_dmul                             0x08000169   Thumb Code   228  dmul.o(.text)
    __aeabi_i2d                              0x0800024d   Thumb Code    34  dflti.o(.text)
    __aeabi_d2iz                             0x0800026f   Thumb Code    62  dfixi.o(.text)
    __aeabi_uidiv                            0x080002ad   Thumb Code     0  uidiv.o(.text)
    __aeabi_uidivmod                         0x080002ad   Thumb Code    44  uidiv.o(.text)
    __I$use$fp                               0x080002d9   Thumb Code     0  iusefp.o(.text)
    _double_round                            0x080002d9   Thumb Code    30  depilogue.o(.text)
    _double_epilogue                         0x080002f7   Thumb Code   156  depilogue.o(.text)
    __scatterload                            0x08000395   Thumb Code    28  init.o(.text)
    __scatterload_rt2                        0x08000395   Thumb Code     0  init.o(.text)
    __aeabi_llsl                             0x080003b9   Thumb Code    30  llshl.o(.text)
    _ll_shift_l                              0x080003b9   Thumb Code     0  llshl.o(.text)
    BusFault_Handler                         0x080003d7   Thumb Code     2  stm32f1xx_it.o(i.BusFault_Handler)
    DS1302_Init                              0x080003d9   Thumb Code   108  ds1302.o(i.DS1302_Init)
    DS1302_alarm_set                         0x08000449   Thumb Code   198  ds1302.o(i.DS1302_alarm_set)
    DS1302_alarm_set_display                 0x08000515   Thumb Code   130  ds1302.o(i.DS1302_alarm_set_display)
    DS18B20_Check                            0x080005dd   Thumb Code    90  ds18b20.o(i.DS18B20_Check)
    DS18B20_Get_Temp                         0x08000641   Thumb Code    88  ds18b20.o(i.DS18B20_Get_Temp)
    DS18B20_Init                             0x0800069d   Thumb Code    14  ds18b20.o(i.DS18B20_Init)
    DS18B20_Read_Bit                         0x080006ad   Thumb Code    86  ds18b20.o(i.DS18B20_Read_Bit)
    DS18B20_Read_Byte                        0x0800070d   Thumb Code    32  ds18b20.o(i.DS18B20_Read_Byte)
    DS18B20_Rst                              0x0800072d   Thumb Code    54  ds18b20.o(i.DS18B20_Rst)
    DS18B20_Start                            0x0800076d   Thumb Code    26  ds18b20.o(i.DS18B20_Start)
    DS18B20_Write_Byte                       0x08000789   Thumb Code    88  ds18b20.o(i.DS18B20_Write_Byte)
    DebugMon_Handler                         0x080007e9   Thumb Code     2  stm32f1xx_it.o(i.DebugMon_Handler)
    GPIO_write4                              0x080007eb   Thumb Code    18  nixie_tube.o(i.GPIO_write4)
    GPIO_write7                              0x080007fd   Thumb Code    16  nixie_tube.o(i.GPIO_write7)
    Get_Time                                 0x0800080d   Thumb Code   256  ds1302.o(i.Get_Time)
    HAL_Delay                                0x08000911   Thumb Code    28  stm32f1xx_hal.o(i.HAL_Delay)
    HAL_GPIO_Init                            0x0800092d   Thumb Code   408  stm32f1xx_hal_gpio.o(i.HAL_GPIO_Init)
    HAL_GPIO_TogglePin                       0x08000ae9   Thumb Code     8  stm32f1xx_hal_gpio.o(i.HAL_GPIO_TogglePin)
    HAL_GPIO_WritePin                        0x08000af1   Thumb Code    10  stm32f1xx_hal_gpio.o(i.HAL_GPIO_WritePin)
    HAL_GetTick                              0x08000afd   Thumb Code     6  stm32f1xx_hal.o(i.HAL_GetTick)
    HAL_IncTick                              0x08000b09   Thumb Code    10  stm32f1xx_hal.o(i.HAL_IncTick)
    HAL_Init                                 0x08000b19   Thumb Code    32  stm32f1xx_hal.o(i.HAL_Init)
    HAL_InitTick                             0x08000b3d   Thumb Code    34  stm32f1xx_hal.o(i.HAL_InitTick)
    HAL_MspInit                              0x08000b65   Thumb Code   122  stm32f1xx_hal_msp.o(i.HAL_MspInit)
    HAL_NVIC_EnableIRQ                       0x08000be9   Thumb Code    22  stm32f1xx_hal_cortex.o(i.HAL_NVIC_EnableIRQ)
    HAL_NVIC_SetPriority                     0x08000c01   Thumb Code    60  stm32f1xx_hal_cortex.o(i.HAL_NVIC_SetPriority)
    HAL_NVIC_SetPriorityGrouping             0x08000c41   Thumb Code    26  stm32f1xx_hal_cortex.o(i.HAL_NVIC_SetPriorityGrouping)
    HAL_NVIC_SystemReset                     0x08000c65   Thumb Code    26  stm32f1xx_hal_cortex.o(i.HAL_NVIC_SystemReset)
    HAL_RCC_ClockConfig                      0x08000c89   Thumb Code   322  stm32f1xx_hal_rcc.o(i.HAL_RCC_ClockConfig)
    HAL_RCC_GetHCLKFreq                      0x08000ddd   Thumb Code     6  stm32f1xx_hal_rcc.o(i.HAL_RCC_GetHCLKFreq)
    HAL_RCC_GetSysClockFreq                  0x08000de9   Thumb Code    74  stm32f1xx_hal_rcc.o(i.HAL_RCC_GetSysClockFreq)
    HAL_RCC_OscConfig                        0x08000e55   Thumb Code   750  stm32f1xx_hal_rcc.o(i.HAL_RCC_OscConfig)
    HAL_SYSTICK_CLKSourceConfig              0x08001159   Thumb Code    24  stm32f1xx_hal_cortex.o(i.HAL_SYSTICK_CLKSourceConfig)
    HAL_SYSTICK_Callback                     0x08001171   Thumb Code     2  stm32f1xx_hal_cortex.o(i.HAL_SYSTICK_Callback)
    HAL_SYSTICK_Config                       0x08001173   Thumb Code    40  stm32f1xx_hal_cortex.o(i.HAL_SYSTICK_Config)
    HAL_SYSTICK_IRQHandler                   0x0800119b   Thumb Code     8  stm32f1xx_hal_cortex.o(i.HAL_SYSTICK_IRQHandler)
    HAL_TIMEx_BreakCallback                  0x080011a3   Thumb Code     2  stm32f1xx_hal_tim_ex.o(i.HAL_TIMEx_BreakCallback)
    HAL_TIMEx_CommutationCallback            0x080011a5   Thumb Code     2  stm32f1xx_hal_tim_ex.o(i.HAL_TIMEx_CommutationCallback)
    HAL_TIMEx_MasterConfigSynchronization    0x080011a7   Thumb Code    80  stm32f1xx_hal_tim_ex.o(i.HAL_TIMEx_MasterConfigSynchronization)
    HAL_TIM_Base_Init                        0x080011f7   Thumb Code    54  stm32f1xx_hal_tim.o(i.HAL_TIM_Base_Init)
    HAL_TIM_Base_MspInit                     0x0800122d   Thumb Code   122  stm32f1xx_hal_msp.o(i.HAL_TIM_Base_MspInit)
    HAL_TIM_Base_Start_IT                    0x080012b9   Thumb Code    24  stm32f1xx_hal_tim.o(i.HAL_TIM_Base_Start_IT)
    HAL_TIM_ConfigClockSource                0x080012d1   Thumb Code   242  stm32f1xx_hal_tim.o(i.HAL_TIM_ConfigClockSource)
    HAL_TIM_IC_CaptureCallback               0x080013c5   Thumb Code    12  timer.o(i.HAL_TIM_IC_CaptureCallback)
    HAL_TIM_IC_ConfigChannel                 0x080013d5   Thumb Code   282  stm32f1xx_hal_tim.o(i.HAL_TIM_IC_ConfigChannel)
    HAL_TIM_IC_Init                          0x080014ef   Thumb Code    54  stm32f1xx_hal_tim.o(i.HAL_TIM_IC_Init)
    HAL_TIM_IC_MspInit                       0x08001525   Thumb Code     2  stm32f1xx_hal_tim.o(i.HAL_TIM_IC_MspInit)
    HAL_TIM_IC_Start_IT                      0x08001527   Thumb Code    76  stm32f1xx_hal_tim.o(i.HAL_TIM_IC_Start_IT)
    HAL_TIM_IRQHandler                       0x08001573   Thumb Code   358  stm32f1xx_hal_tim.o(i.HAL_TIM_IRQHandler)
    HAL_TIM_OC_DelayElapsedCallback          0x080016d9   Thumb Code     2  stm32f1xx_hal_tim.o(i.HAL_TIM_OC_DelayElapsedCallback)
    HAL_TIM_PWM_PulseFinishedCallback        0x080016db   Thumb Code     2  stm32f1xx_hal_tim.o(i.HAL_TIM_PWM_PulseFinishedCallback)
    HAL_TIM_PeriodElapsedCallback            0x080016dd   Thumb Code   130  timer.o(i.HAL_TIM_PeriodElapsedCallback)
    HAL_TIM_TriggerCallback                  0x0800176d   Thumb Code     2  stm32f1xx_hal_tim.o(i.HAL_TIM_TriggerCallback)
    HardFault_Handler                        0x0800176f   Thumb Code     2  stm32f1xx_it.o(i.HardFault_Handler)
    KEY_Scan_stase                           0x08001771   Thumb Code   264  key.o(i.KEY_Scan_stase)
    MemManage_Handler                        0x08001a01   Thumb Code     2  stm32f1xx_it.o(i.MemManage_Handler)
    NMI_Handler                              0x08001a03   Thumb Code     2  stm32f1xx_it.o(i.NMI_Handler)
    Nixie_tube_delay                         0x08001a25   Thumb Code    44  nixie_tube.o(i.Nixie_tube_delay)
    Nixie_tube_display                       0x08001a59   Thumb Code   170  nixie_tube.o(i.Nixie_tube_display)
    OLED_Clear                               0x08001b1d   Thumb Code    40  oled.o(i.OLED_Clear)
    OLED_DrawPoint                           0x08001b49   Thumb Code    54  oled.o(i.OLED_DrawPoint)
    OLED_Init                                0x08001b85   Thumb Code   248  oled.o(i.OLED_Init)
    OLED_Refresh_Gram                        0x08001c81   Thumb Code    70  oled.o(i.OLED_Refresh_Gram)
    OLED_ShowChar                            0x08001ccd   Thumb Code   162  oled.o(i.OLED_ShowChar)
    OLED_ShowString                          0x08001d7d   Thumb Code    86  oled.o(i.OLED_ShowString)
    OLED_Show_Font                           0x08001dd5   Thumb Code    98  text.o(i.OLED_Show_Font)
    OLED_WR_Byte                             0x08001e3d   Thumb Code    64  oled.o(i.OLED_WR_Byte)
    PendSV_Handler                           0x08001e81   Thumb Code     2  stm32f1xx_it.o(i.PendSV_Handler)
    Remote_Scan                              0x08001e85   Thumb Code    70  remote.o(i.Remote_Scan)
    SVC_Handler                              0x08001ed1   Thumb Code     2  stm32f1xx_it.o(i.SVC_Handler)
    SysTick_Handler                          0x08001ed3   Thumb Code    14  stm32f1xx_it.o(i.SysTick_Handler)
    SystemClock_Config                       0x08001ee1   Thumb Code   104  main.o(i.SystemClock_Config)
    SystemInit                               0x08001f49   Thumb Code    56  system_stm32f1xx.o(i.SystemInit)
    TIM1_CC_IRQHandler                       0x08001f91   Thumb Code     6  stm32f1xx_it.o(i.TIM1_CC_IRQHandler)
    TIM1_UP_IRQHandler                       0x08001f9d   Thumb Code     6  stm32f1xx_it.o(i.TIM1_UP_IRQHandler)
    TIM3_IRQHandler                          0x08001fa9   Thumb Code     6  stm32f1xx_it.o(i.TIM3_IRQHandler)
    TIM_Base_SetConfig                       0x08001fb5   Thumb Code    94  stm32f1xx_hal_tim.o(i.TIM_Base_SetConfig)
    TIM_CCxChannelCmd                        0x08002021   Thumb Code    22  stm32f1xx_hal_tim.o(i.TIM_CCxChannelCmd)
    TIM_TI1_SetConfig                        0x0800207d   Thumb Code    76  stm32f1xx_hal_tim.o(i.TIM_TI1_SetConfig)
    Temp_collect_flag                        0x08002131   Thumb Code    16  ds18b20.o(i.Temp_collect_flag)
    Time_set                                 0x08002145   Thumb Code   392  ds1302.o(i.Time_set)
    UsageFault_Handler                       0x080022d1   Thumb Code     2  stm32f1xx_it.o(i.UsageFault_Handler)
    __0sprintf$6                             0x080022d5   Thumb Code    34  printf6.o(i.__0sprintf$6)
    __1sprintf$6                             0x080022d5   Thumb Code     0  printf6.o(i.__0sprintf$6)
    __2sprintf                               0x080022d5   Thumb Code     0  printf6.o(i.__0sprintf$6)
    __scatterload_copy                       0x080022fd   Thumb Code    14  handlers.o(i.__scatterload_copy)
    __scatterload_null                       0x0800230b   Thumb Code     2  handlers.o(i.__scatterload_null)
    __scatterload_zeroinit                   0x0800230d   Thumb Code    14  handlers.o(i.__scatterload_zeroinit)
    alarm_ring                               0x08002669   Thumb Code    78  ds1302.o(i.alarm_ring)
    clock                                    0x080026c1   Thumb Code   270  clock.o(i.clock)
    cutdown                                  0x080027d5   Thumb Code   332  cutdown.o(i.cutdown)
    cutdown_running                          0x0800293d   Thumb Code   116  cutdown.o(i.cutdown_running)
    cutdown_set_display                      0x080029b9   Thumb Code   304  cutdown.o(i.cutdown_set_display)
    delay_us                                 0x08002b31   Thumb Code    28  delay.o(i.delay_us)
    ds1302_Nixie_tube_display                0x08002b51   Thumb Code    10  clock.o(i.ds1302_Nixie_tube_display)
    ds1302_Read                              0x08002b61   Thumb Code   204  ds1302.o(i.ds1302_Read)
    ds1302_Write                             0x08002c35   Thumb Code   156  ds1302.o(i.ds1302_Write)
    ds1302_alarm                             0x08002cd9   Thumb Code   310  ds1302.o(i.ds1302_alarm)
    ds1302_alarm_ring                        0x08002e2d   Thumb Code    52  ds1302.o(i.ds1302_alarm_ring)
    key_read                                 0x08002e69   Thumb Code    12  key.o(i.key_read)
    main                                     0x08002e79   Thumb Code    66  main.o(i.main)
    remote_tim1_ic                           0x08002ec1   Thumb Code   154  remote.o(i.remote_tim1_ic)
    remote_tim1_update                       0x08002f69   Thumb Code    46  remote.o(i.remote_tim1_update)
    stop_watch                               0x08002f9d   Thumb Code   334  stop_watch.o(i.stop_watch)
    stop_watch_running                       0x08003115   Thumb Code    60  stop_watch.o(i.stop_watch_running)
    temp_meature                             0x08003155   Thumb Code   110  ds18b20.o(i.temp_meature)
    time_display                             0x080031e9   Thumb Code    96  ds1302.o(i.time_display)
    time_ds1302                              0x08003275   Thumb Code   152  ds1302.o(i.time_ds1302)
    time_get                                 0x08003319   Thumb Code    38  ds1302.o(i.time_get)
    time_set_display                         0x08003345   Thumb Code   298  ds1302.o(i.time_set_display)
    time_write                               0x08003501   Thumb Code   194  ds1302.o(i.time_write)
    asc2_1206                                0x080035c8   Data        1140  oled.o(.constdata)
    asc2_1608                                0x08003a3c   Data        1520  oled.o(.constdata)
    asc2_2412                                0x0800402c   Data        3420  oled.o(.constdata)
    OLED_HZK                                 0x08004d88   Data         480  text.o(.constdata)
    AHBPrescTable                            0x08004f68   Data          16  system_stm32f1xx.o(.constdata)
    Region$$Table$$Base                      0x08004f78   Number         0  anon$$obj.o(Region$$Table)
    Region$$Table$$Limit                     0x08004f98   Number         0  anon$$obj.o(Region$$Table)
    uwTick                                   0x20000000   Data           4  stm32f1xx_hal.o(.data)
    count_ms                                 0x20000004   Data           4  timer.o(.data)
    stop_watch_h                             0x20000008   Data           1  stop_watch.o(.data)
    stop_watch_m                             0x20000009   Data           1  stop_watch.o(.data)
    stop_watch_s                             0x2000000a   Data           1  stop_watch.o(.data)
    stop_watch_t                             0x2000000b   Data           1  stop_watch.o(.data)
    i                                        0x2000000c   Data           1  stop_watch.o(.data)
    stop_watch_flag                          0x2000000d   Data           1  stop_watch.o(.data)
    RmtSta                                   0x20000014   Data           1  remote.o(.data)
    RmtCnt                                   0x20000015   Data           1  remote.o(.data)
    Dval                                     0x20000016   Data           2  remote.o(.data)
    RmtRec                                   0x20000018   Data           4  remote.o(.data)
    key_return                               0x2000001c   Data           1  key.o(.data)
    Nixie_tube_minute                        0x20000025   Data           1  clock.o(.data)
    Nixie_tube_hour                          0x20000026   Data           1  clock.o(.data)
    cutdown_h                                0x20000028   Data           1  cutdown.o(.data)
    cutdown_m                                0x20000029   Data           1  cutdown.o(.data)
    cutdown_s                                0x2000002a   Data           1  cutdown.o(.data)
    cutdown_start                            0x2000002b   Data           1  cutdown.o(.data)
    flag_twinkle                             0x2000002c   Data           1  cutdown.o(.data)
    beep_enable                              0x2000002d   Data           1  cutdown.o(.data)
    beep_time                                0x2000002e   Data           1  cutdown.o(.data)
    cutdown_k                                0x2000002f   Data           1  cutdown.o(.data)
    time_hour                                0x20000038   Data           1  ds1302.o(.data)
    time_minute                              0x20000039   Data           1  ds1302.o(.data)
    time_second                              0x2000003a   Data           1  ds1302.o(.data)
    time_year                                0x2000003b   Data           1  ds1302.o(.data)
    time_month                               0x2000003c   Data           1  ds1302.o(.data)
    time_date                                0x2000003d   Data           1  ds1302.o(.data)
    time_week                                0x2000003e   Data           1  ds1302.o(.data)
    time_k                                   0x2000003f   Data           1  ds1302.o(.data)
    time_getnum                              0x20000040   Data           1  ds1302.o(.data)
    time_get_flag                            0x20000041   Data           1  ds1302.o(.data)
    time_twinkle                             0x20000042   Data           1  ds1302.o(.data)
    ds1302_alarm_hour                        0x20000043   Data           1  ds1302.o(.data)
    ds1302_alarm_minute                      0x20000044   Data           1  ds1302.o(.data)
    ds1302_alarm_second                      0x20000045   Data           1  ds1302.o(.data)
    ds1302_alarm_ring_flag                   0x20000046   Data           1  ds1302.o(.data)
    ds1302_alarm_enable                      0x20000047   Data           1  ds1302.o(.data)
    ds1302_alarm_set_hour                    0x20000048   Data           1  ds1302.o(.data)
    ds1302_alarm_set_min                     0x20000049   Data           1  ds1302.o(.data)
    ds1302_alarm_set_sec                     0x2000004a   Data           1  ds1302.o(.data)
    ds1302_alarm_k                           0x2000004b   Data           1  ds1302.o(.data)
    alarm_enable                             0x2000004c   Data           1  ds1302.o(.data)
    alarm_getnum                             0x2000004d   Data           1  ds1302.o(.data)
    ds1302_alarm_ring_time                   0x20000050   Data           4  ds1302.o(.data)
    time                                     0x20000058   Data           7  ds1302.o(.data)
    temp_collect_flag                        0x20000060   Data           1  ds18b20.o(.data)
    temperature                              0x20000062   Data           2  ds18b20.o(.data)
    Nixie_tube_count                         0x20000064   Data           1  nixie_tube.o(.data)
    SystemCoreClock                          0x2000006c   Data           4  system_stm32f1xx.o(.data)
    time_buff                                0x20000070   Data          24  stop_watch.o(.bss)
    t                                        0x20000088   Data        4000  stop_watch.o(.bss)
    OLED_GRAM                                0x20001028   Data        1024  oled.o(.bss)
    htim1                                    0x20001458   Data          64  main.o(.bss)
    htim3                                    0x20001498   Data          64  main.o(.bss)
    __initial_sp                             0x200018d8   Data           0  startup_stm32f103xb.o(STACK)



==============================================================================

Memory Map of the image

  Image Entry point : 0x080000ed

  Load Region LR_IROM1 (Base: 0x08000000, Size: 0x00005008, Max: 0x00010000, ABSOLUTE)

    Execution Region ER_IROM1 (Base: 0x08000000, Size: 0x00004f98, Max: 0x00010000, ABSOLUTE)

    Base Addr    Size         Type   Attr      Idx    E Section Name        Object

    0x08000000   0x000000ec   Data   RO         2562    RESET               startup_stm32f103xb.o
    0x080000ec   0x00000000   Code   RO         2751  * .ARM.Collect$$$$00000000  mc_w.l(entry.o)
    0x080000ec   0x00000004   Code   RO         3025    .ARM.Collect$$$$00000001  mc_w.l(entry2.o)
    0x080000f0   0x00000004   Code   RO         3028    .ARM.Collect$$$$00000004  mc_w.l(entry5.o)
    0x080000f4   0x00000000   Code   RO         3030    .ARM.Collect$$$$00000008  mc_w.l(entry7b.o)
    0x080000f4   0x00000000   Code   RO         3032    .ARM.Collect$$$$0000000A  mc_w.l(entry8b.o)
    0x080000f4   0x00000008   Code   RO         3033    .ARM.Collect$$$$0000000B  mc_w.l(entry9a.o)
    0x080000fc   0x00000000   Code   RO         3035    .ARM.Collect$$$$0000000D  mc_w.l(entry10a.o)
    0x080000fc   0x00000000   Code   RO         3037    .ARM.Collect$$$$0000000F  mc_w.l(entry11a.o)
    0x080000fc   0x00000004   Code   RO         3026    .ARM.Collect$$$$00002712  mc_w.l(entry2.o)
    0x08000100   0x00000024   Code   RO         2563    .text               startup_stm32f103xb.o
    0x08000124   0x00000020   Code   RO         2754    .text               mc_w.l(llushr.o)
    0x08000144   0x00000024   Code   RO         2756    .text               mc_w.l(memseta.o)
    0x08000168   0x000000e4   Code   RO         3019    .text               mf_w.l(dmul.o)
    0x0800024c   0x00000022   Code   RO         3021    .text               mf_w.l(dflti.o)
    0x0800026e   0x0000003e   Code   RO         3023    .text               mf_w.l(dfixi.o)
    0x080002ac   0x0000002c   Code   RO         3042    .text               mc_w.l(uidiv.o)
    0x080002d8   0x00000000   Code   RO         3046    .text               mc_w.l(iusefp.o)
    0x080002d8   0x000000ba   Code   RO         3047    .text               mf_w.l(depilogue.o)
    0x08000392   0x00000002   PAD
    0x08000394   0x00000024   Code   RO         3057    .text               mc_w.l(init.o)
    0x080003b8   0x0000001e   Code   RO         3060    .text               mc_w.l(llshl.o)
    0x080003d6   0x00000002   Code   RO         2606    i.BusFault_Handler  stm32f1xx_it.o
    0x080003d8   0x00000070   Code   RO         2208    i.DS1302_Init       ds1302.o
    0x08000448   0x000000cc   Code   RO         2209    i.DS1302_alarm_set  ds1302.o
    0x08000514   0x000000c8   Code   RO         2210    i.DS1302_alarm_set_display  ds1302.o
    0x080005dc   0x00000064   Code   RO         2322    i.DS18B20_Check     ds18b20.o
    0x08000640   0x0000005c   Code   RO         2323    i.DS18B20_Get_Temp  ds18b20.o
    0x0800069c   0x0000000e   Code   RO         2324    i.DS18B20_Init      ds18b20.o
    0x080006aa   0x00000002   PAD
    0x080006ac   0x00000060   Code   RO         2325    i.DS18B20_Read_Bit  ds18b20.o
    0x0800070c   0x00000020   Code   RO         2326    i.DS18B20_Read_Byte  ds18b20.o
    0x0800072c   0x00000040   Code   RO         2327    i.DS18B20_Rst       ds18b20.o
    0x0800076c   0x0000001a   Code   RO         2328    i.DS18B20_Start     ds18b20.o
    0x08000786   0x00000002   PAD
    0x08000788   0x00000060   Code   RO         2329    i.DS18B20_Write_Byte  ds18b20.o
    0x080007e8   0x00000002   Code   RO         2607    i.DebugMon_Handler  stm32f1xx_it.o
    0x080007ea   0x00000012   Code   RO         2401    i.GPIO_write4       nixie_tube.o
    0x080007fc   0x00000010   Code   RO         2402    i.GPIO_write7       nixie_tube.o
    0x0800080c   0x00000104   Code   RO         2211    i.Get_Time          ds1302.o
    0x08000910   0x0000001c   Code   RO         1211    i.HAL_Delay         stm32f1xx_hal.o
    0x0800092c   0x000001bc   Code   RO            7    i.HAL_GPIO_Init     stm32f1xx_hal_gpio.o
    0x08000ae8   0x00000008   Code   RO           10    i.HAL_GPIO_TogglePin  stm32f1xx_hal_gpio.o
    0x08000af0   0x0000000a   Code   RO           11    i.HAL_GPIO_WritePin  stm32f1xx_hal_gpio.o
    0x08000afa   0x00000002   PAD
    0x08000afc   0x0000000c   Code   RO         1215    i.HAL_GetTick       stm32f1xx_hal.o
    0x08000b08   0x00000010   Code   RO         1217    i.HAL_IncTick       stm32f1xx_hal.o
    0x08000b18   0x00000024   Code   RO         1218    i.HAL_Init          stm32f1xx_hal.o
    0x08000b3c   0x00000028   Code   RO         1219    i.HAL_InitTick      stm32f1xx_hal.o
    0x08000b64   0x00000084   Code   RO         2570    i.HAL_MspInit       stm32f1xx_hal_msp.o
    0x08000be8   0x00000016   Code   RO          153    i.HAL_NVIC_EnableIRQ  stm32f1xx_hal_cortex.o
    0x08000bfe   0x00000002   PAD
    0x08000c00   0x00000040   Code   RO          159    i.HAL_NVIC_SetPriority  stm32f1xx_hal_cortex.o
    0x08000c40   0x00000024   Code   RO          160    i.HAL_NVIC_SetPriorityGrouping  stm32f1xx_hal_cortex.o
    0x08000c64   0x00000024   Code   RO          161    i.HAL_NVIC_SystemReset  stm32f1xx_hal_cortex.o
    0x08000c88   0x00000154   Code   RO         1431    i.HAL_RCC_ClockConfig  stm32f1xx_hal_rcc.o
    0x08000ddc   0x0000000c   Code   RO         1436    i.HAL_RCC_GetHCLKFreq  stm32f1xx_hal_rcc.o
    0x08000de8   0x0000006c   Code   RO         1440    i.HAL_RCC_GetSysClockFreq  stm32f1xx_hal_rcc.o
    0x08000e54   0x00000304   Code   RO         1443    i.HAL_RCC_OscConfig  stm32f1xx_hal_rcc.o
    0x08001158   0x00000018   Code   RO          162    i.HAL_SYSTICK_CLKSourceConfig  stm32f1xx_hal_cortex.o
    0x08001170   0x00000002   Code   RO          163    i.HAL_SYSTICK_Callback  stm32f1xx_hal_cortex.o
    0x08001172   0x00000028   Code   RO          164    i.HAL_SYSTICK_Config  stm32f1xx_hal_cortex.o
    0x0800119a   0x00000008   Code   RO          165    i.HAL_SYSTICK_IRQHandler  stm32f1xx_hal_cortex.o
    0x080011a2   0x00000002   Code   RO          899    i.HAL_TIMEx_BreakCallback  stm32f1xx_hal_tim_ex.o
    0x080011a4   0x00000002   Code   RO          900    i.HAL_TIMEx_CommutationCallback  stm32f1xx_hal_tim_ex.o
    0x080011a6   0x00000050   Code   RO          916    i.HAL_TIMEx_MasterConfigSynchronization  stm32f1xx_hal_tim_ex.o
    0x080011f6   0x00000036   Code   RO          270    i.HAL_TIM_Base_Init  stm32f1xx_hal_tim.o
    0x0800122c   0x0000008c   Code   RO         2572    i.HAL_TIM_Base_MspInit  stm32f1xx_hal_msp.o
    0x080012b8   0x00000018   Code   RO          275    i.HAL_TIM_Base_Start_IT  stm32f1xx_hal_tim.o
    0x080012d0   0x000000f2   Code   RO          279    i.HAL_TIM_ConfigClockSource  stm32f1xx_hal_tim.o
    0x080013c2   0x00000002   PAD
    0x080013c4   0x00000010   Code   RO         1855    i.HAL_TIM_IC_CaptureCallback  timer.o
    0x080013d4   0x0000011a   Code   RO          300    i.HAL_TIM_IC_ConfigChannel  stm32f1xx_hal_tim.o
    0x080014ee   0x00000036   Code   RO          303    i.HAL_TIM_IC_Init   stm32f1xx_hal_tim.o
    0x08001524   0x00000002   Code   RO          305    i.HAL_TIM_IC_MspInit  stm32f1xx_hal_tim.o
    0x08001526   0x0000004c   Code   RO          308    i.HAL_TIM_IC_Start_IT  stm32f1xx_hal_tim.o
    0x08001572   0x00000166   Code   RO          312    i.HAL_TIM_IRQHandler  stm32f1xx_hal_tim.o
    0x080016d8   0x00000002   Code   RO          315    i.HAL_TIM_OC_DelayElapsedCallback  stm32f1xx_hal_tim.o
    0x080016da   0x00000002   Code   RO          342    i.HAL_TIM_PWM_PulseFinishedCallback  stm32f1xx_hal_tim.o
    0x080016dc   0x00000090   Code   RO         1856    i.HAL_TIM_PeriodElapsedCallback  timer.o
    0x0800176c   0x00000002   Code   RO          353    i.HAL_TIM_TriggerCallback  stm32f1xx_hal_tim.o
    0x0800176e   0x00000002   Code   RO         2608    i.HardFault_Handler  stm32f1xx_it.o
    0x08001770   0x00000110   Code   RO         2102    i.KEY_Scan_stase    key.o
    0x08001880   0x000000b0   Code   RO         2700    i.MX_GPIO_Init      main.o
    0x08001930   0x0000007c   Code   RO         2701    i.MX_TIM1_Init      main.o
    0x080019ac   0x00000054   Code   RO         2702    i.MX_TIM3_Init      main.o
    0x08001a00   0x00000002   Code   RO         2609    i.MemManage_Handler  stm32f1xx_it.o
    0x08001a02   0x00000002   Code   RO         2610    i.NMI_Handler       stm32f1xx_it.o
    0x08001a04   0x00000020   Code   RO          166    i.NVIC_SetPriority  stm32f1xx_hal_cortex.o
    0x08001a24   0x00000034   Code   RO         2403    i.Nixie_tube_delay  nixie_tube.o
    0x08001a58   0x000000c4   Code   RO         2404    i.Nixie_tube_display  nixie_tube.o
    0x08001b1c   0x0000002c   Code   RO         1967    i.OLED_Clear        oled.o
    0x08001b48   0x0000003c   Code   RO         1970    i.OLED_DrawPoint    oled.o
    0x08001b84   0x000000fc   Code   RO         1972    i.OLED_Init         oled.o
    0x08001c80   0x0000004c   Code   RO         1973    i.OLED_Refresh_Gram  oled.o
    0x08001ccc   0x000000b0   Code   RO         1974    i.OLED_ShowChar     oled.o
    0x08001d7c   0x00000056   Code   RO         1976    i.OLED_ShowString   oled.o
    0x08001dd2   0x00000002   PAD
    0x08001dd4   0x00000068   Code   RO         2470    i.OLED_Show_Font    text.o
    0x08001e3c   0x00000044   Code   RO         1977    i.OLED_WR_Byte      oled.o
    0x08001e80   0x00000002   Code   RO         2611    i.PendSV_Handler    stm32f1xx_it.o
    0x08001e82   0x00000002   PAD
    0x08001e84   0x0000004c   Code   RO         2063    i.Remote_Scan       remote.o
    0x08001ed0   0x00000002   Code   RO         2612    i.SVC_Handler       stm32f1xx_it.o
    0x08001ed2   0x0000000e   Code   RO         2613    i.SysTick_Handler   stm32f1xx_it.o
    0x08001ee0   0x00000068   Code   RO         2703    i.SystemClock_Config  main.o
    0x08001f48   0x00000048   Code   RO         2504    i.SystemInit        system_stm32f1xx.o
    0x08001f90   0x0000000c   Code   RO         2614    i.TIM1_CC_IRQHandler  stm32f1xx_it.o
    0x08001f9c   0x0000000c   Code   RO         2615    i.TIM1_UP_IRQHandler  stm32f1xx_it.o
    0x08001fa8   0x0000000c   Code   RO         2616    i.TIM3_IRQHandler   stm32f1xx_it.o
    0x08001fb4   0x0000006c   Code   RO          354    i.TIM_Base_SetConfig  stm32f1xx_hal_tim.o
    0x08002020   0x00000016   Code   RO          355    i.TIM_CCxChannelCmd  stm32f1xx_hal_tim.o
    0x08002036   0x00000014   Code   RO          361    i.TIM_ETR_SetConfig  stm32f1xx_hal_tim.o
    0x0800204a   0x00000010   Code   RO          362    i.TIM_ITRx_SetConfig  stm32f1xx_hal_tim.o
    0x0800205a   0x00000022   Code   RO          368    i.TIM_TI1_ConfigInputStage  stm32f1xx_hal_tim.o
    0x0800207c   0x00000058   Code   RO          369    i.TIM_TI1_SetConfig  stm32f1xx_hal_tim.o
    0x080020d4   0x00000024   Code   RO          370    i.TIM_TI2_ConfigInputStage  stm32f1xx_hal_tim.o
    0x080020f8   0x00000036   Code   RO          371    i.TIM_TI2_SetConfig  stm32f1xx_hal_tim.o
    0x0800212e   0x00000002   PAD
    0x08002130   0x00000014   Code   RO         2330    i.Temp_collect_flag  ds18b20.o
    0x08002144   0x0000018c   Code   RO         2212    i.Time_set          ds1302.o
    0x080022d0   0x00000002   Code   RO         2617    i.UsageFault_Handler  stm32f1xx_it.o
    0x080022d2   0x00000002   PAD
    0x080022d4   0x00000028   Code   RO         2915    i.__0sprintf$6      mc_w.l(printf6.o)
    0x080022fc   0x0000000e   Code   RO         3067    i.__scatterload_copy  mc_w.l(handlers.o)
    0x0800230a   0x00000002   Code   RO         3068    i.__scatterload_null  mc_w.l(handlers.o)
    0x0800230c   0x0000000e   Code   RO         3069    i.__scatterload_zeroinit  mc_w.l(handlers.o)
    0x0800231a   0x00000002   PAD
    0x0800231c   0x000002f0   Code   RO         2920    i._printf_core      mc_w.l(printf6.o)
    0x0800260c   0x00000024   Code   RO         2921    i._printf_post_padding  mc_w.l(printf6.o)
    0x08002630   0x0000002e   Code   RO         2922    i._printf_pre_padding  mc_w.l(printf6.o)
    0x0800265e   0x0000000a   Code   RO         2924    i._sputc            mc_w.l(printf6.o)
    0x08002668   0x00000058   Code   RO         2213    i.alarm_ring        ds1302.o
    0x080026c0   0x00000114   Code   RO         2135    i.clock             clock.o
    0x080027d4   0x00000168   Code   RO         2168    i.cutdown           cutdown.o
    0x0800293c   0x0000007c   Code   RO         2169    i.cutdown_running   cutdown.o
    0x080029b8   0x00000178   Code   RO         2170    i.cutdown_set_display  cutdown.o
    0x08002b30   0x00000020   Code   RO         2445    i.delay_us          delay.o
    0x08002b50   0x00000010   Code   RO         2136    i.ds1302_Nixie_tube_display  clock.o
    0x08002b60   0x000000d4   Code   RO         2214    i.ds1302_Read       ds1302.o
    0x08002c34   0x000000a4   Code   RO         2215    i.ds1302_Write      ds1302.o
    0x08002cd8   0x00000154   Code   RO         2216    i.ds1302_alarm      ds1302.o
    0x08002e2c   0x0000003c   Code   RO         2217    i.ds1302_alarm_ring  ds1302.o
    0x08002e68   0x00000010   Code   RO         2103    i.key_read          key.o
    0x08002e78   0x00000048   Code   RO         2705    i.main              main.o
    0x08002ec0   0x000000a8   Code   RO         2064    i.remote_tim1_ic    remote.o
    0x08002f68   0x00000034   Code   RO         2065    i.remote_tim1_update  remote.o
    0x08002f9c   0x00000178   Code   RO         1919    i.stop_watch        stop_watch.o
    0x08003114   0x00000040   Code   RO         1920    i.stop_watch_running  stop_watch.o
    0x08003154   0x00000094   Code   RO         2331    i.temp_meature      ds18b20.o
    0x080031e8   0x0000008c   Code   RO         2218    i.time_display      ds1302.o
    0x08003274   0x000000a4   Code   RO         2219    i.time_ds1302       ds1302.o
    0x08003318   0x0000002c   Code   RO         2220    i.time_get          ds1302.o
    0x08003344   0x000001bc   Code   RO         2221    i.time_set_display  ds1302.o
    0x08003500   0x000000c8   Code   RO         2222    i.time_write        ds1302.o
    0x080035c8   0x000017c0   Data   RO         1980    .constdata          oled.o
    0x08004d88   0x000001e0   Data   RO         2472    .constdata          text.o
    0x08004f68   0x00000010   Data   RO         2505    .constdata          system_stm32f1xx.o
    0x08004f78   0x00000020   Data   RO         3065    Region$$Table       anon$$obj.o


    Execution Region RW_IRAM1 (Base: 0x20000000, Size: 0x000018d8, Max: 0x00005000, ABSOLUTE)

    Base Addr    Size         Type   Attr      Idx    E Section Name        Object

    0x20000000   0x00000004   Data   RW         1224    .data               stm32f1xx_hal.o
    0x20000004   0x00000004   Data   RW         1857    .data               timer.o
    0x20000008   0x00000009   Data   RW         1922    .data               stop_watch.o
    0x20000011   0x00000003   PAD
    0x20000014   0x00000008   Data   RW         2066    .data               remote.o
    0x2000001c   0x00000006   Data   RW         2104    .data               key.o
    0x20000022   0x00000005   Data   RW         2137    .data               clock.o
    0x20000027   0x00000001   PAD
    0x20000028   0x00000010   Data   RW         2172    .data               cutdown.o
    0x20000038   0x00000027   Data   RW         2223    .data               ds1302.o
    0x2000005f   0x00000001   PAD
    0x20000060   0x00000004   Data   RW         2332    .data               ds18b20.o
    0x20000064   0x00000004   Data   RW         2405    .data               nixie_tube.o
    0x20000068   0x00000002   Data   RW         2446    .data               delay.o
    0x2000006a   0x00000002   PAD
    0x2000006c   0x00000004   Data   RW         2507    .data               system_stm32f1xx.o
    0x20000070   0x00000fb8   Zero   RW         1921    .bss                stop_watch.o
    0x20001028   0x00000400   Zero   RW         1979    .bss                oled.o
    0x20001428   0x00000030   Zero   RW         2171    .bss                cutdown.o
    0x20001458   0x00000080   Zero   RW         2706    .bss                main.o
    0x200014d8   0x00000400   Zero   RW         2560    STACK               startup_stm32f103xb.o


==============================================================================

Image component sizes


      Code (inc. data)   RO Data    RW Data    ZI Data      Debug   Object Name

       292         12          0          5          0       2064   clock.o
       860        108          0         16         48       3325   cutdown.o
        32          4          0          2          0        451   delay.o
      3028        366          0         39          0      11424   ds1302.o
       688         84          0          4          0       6099   ds18b20.o
       288         12          0          6          0       1813   key.o
       560         36          0          0        128       3911   main.o
       282         34          0          4          0       2653   nixie_tube.o
       762         38       6080          0       1024       5067   oled.o
       296         26          0          8          0       1948   remote.o
        36          8        236          0       1024        756   startup_stm32f103xb.o
       132         22          0          4          0       3507   stm32f1xx_hal.o
       264         24          0          0          0      27424   stm32f1xx_hal_cortex.o
       462         36          0          0          0     424405   stm32f1xx_hal_gpio.o
       272         28          0          0          0       1497   stm32f1xx_hal_msp.o
      1232         80          0          0          0       4210   stm32f1xx_hal_rcc.o
      1476         26          0          0          0      12674   stm32f1xx_hal_tim.o
        84          0          0          0          0       2210   stm32f1xx_hal_tim_ex.o
        66         18          0          0          0       4918   stm32f1xx_it.o
       440         46          0          9       4024       2407   stop_watch.o
        72         16         16          4          0       1111   system_stm32f1xx.o
       104          6        480          0          0       1140   text.o
       160         18          0          4          0       2846   timer.o

    ----------------------------------------------------------------------
     11906       1048       6844        112       6248     527860   Object Totals
         0          0         32          0          0          0   (incl. Generated)
        18          0          0          7          0          0   (incl. Padding)

    ----------------------------------------------------------------------

      Code (inc. data)   RO Data    RW Data    ZI Data      Debug   Library Member Name

         0          0          0          0          0          0   entry.o
         0          0          0          0          0          0   entry10a.o
         0          0          0          0          0          0   entry11a.o
         8          4          0          0          0          0   entry2.o
         4          0          0          0          0          0   entry5.o
         0          0          0          0          0          0   entry7b.o
         0          0          0          0          0          0   entry8b.o
         8          4          0          0          0          0   entry9a.o
        30          0          0          0          0          0   handlers.o
        36          8          0          0          0         68   init.o
         0          0          0          0          0          0   iusefp.o
        30          0          0          0          0         68   llshl.o
        32          0          0          0          0         68   llushr.o
        36          0          0          0          0        108   memseta.o
       884         10          0          0          0        420   printf6.o
        44          0          0          0          0         80   uidiv.o
       186          0          0          0          0        176   depilogue.o
        62          0          0          0          0         80   dfixi.o
        34          0          0          0          0         76   dflti.o
       228          0          0          0          0         96   dmul.o

    ----------------------------------------------------------------------
      1626         26          0          0          0       1240   Library Totals
         4          0          0          0          0          0   (incl. Padding)

    ----------------------------------------------------------------------

      Code (inc. data)   RO Data    RW Data    ZI Data      Debug   Library Name

      1112         26          0          0          0        812   mc_w.l
       510          0          0          0          0        428   mf_w.l

    ----------------------------------------------------------------------
      1626         26          0          0          0       1240   Library Totals

    ----------------------------------------------------------------------

==============================================================================


      Code (inc. data)   RO Data    RW Data    ZI Data      Debug   

     13532       1074       6844        112       6248     522856   Grand Totals
     13532       1074       6844        112       6248     522856   ELF Image Totals
     13532       1074       6844        112          0          0   ROM Totals

==============================================================================

    Total RO  Size (Code + RO Data)                20376 (  19.90kB)
    Total RW  Size (RW Data + ZI Data)              6360 (   6.21kB)
    Total ROM Size (Code + RO Data + RW Data)      20488 (  20.01kB)

==============================================================================

